Archive member included because of file (symbol)

c:/devkitPro/libogc/lib/wii\libSDL.a(SDL.o)
                              powder.o (SDL_Init)
c:/devkitPro/libogc/lib/wii\libSDL.a(SDL_error.o)
                              c:/devkitPro/libogc/lib/wii\libSDL.a(SDL.o) (SDL_ClearError)
c:/devkitPro/libogc/lib/wii\libSDL.a(SDL_fatal.o)
                              c:/devkitPro/libogc/lib/wii\libSDL.a(SDL.o) (SDL_UninstallParachute)
c:/devkitPro/libogc/lib/wii\libSDL.a(SDL_audio.o)
                              c:/devkitPro/libogc/lib/wii\libSDL.a(SDL.o) (SDL_AudioQuit)
c:/devkitPro/libogc/lib/wii\libSDL.a(SDL_audiocvt.o)
                              c:/devkitPro/libogc/lib/wii\libSDL.a(SDL_audio.o) (SDL_BuildAudioCVT)
c:/devkitPro/libogc/lib/wii\libSDL.a(SDL_wiiaudio.o)
                              c:/devkitPro/libogc/lib/wii\libSDL.a(SDL_audio.o) (WIIAUD_bootstrap)
c:/devkitPro/libogc/lib/wii\libSDL.a(SDL_cdrom.o)
                              c:/devkitPro/libogc/lib/wii\libSDL.a(SDL.o) (SDL_CDROMQuit)
c:/devkitPro/libogc/lib/wii\libSDL.a(SDL_syscdrom.o)
                              c:/devkitPro/libogc/lib/wii\libSDL.a(SDL_cdrom.o) (SDL_SYS_CDInit)
c:/devkitPro/libogc/lib/wii\libSDL.a(SDL_events.o)
                              powder.o (SDL_PollEvent)
c:/devkitPro/libogc/lib/wii\libSDL.a(SDL_keyboard.o)
                              c:/devkitPro/libogc/lib/wii\libSDL.a(SDL_events.o) (SDL_KeyboardQuit)
c:/devkitPro/libogc/lib/wii\libSDL.a(SDL_mouse.o)
                              c:/devkitPro/libogc/lib/wii\libSDL.a(SDL_events.o) (SDL_MouseInit)
c:/devkitPro/libogc/lib/wii\libSDL.a(SDL_quit.o)
                              c:/devkitPro/libogc/lib/wii\libSDL.a(SDL_events.o) (SDL_QuitQuit)
c:/devkitPro/libogc/lib/wii\libSDL.a(SDL_joystick.o)
                              c:/devkitPro/libogc/lib/wii\libSDL.a(SDL_events.o) (SDL_numjoysticks)
c:/devkitPro/libogc/lib/wii\libSDL.a(SDL_sysjoystick.o)
                              c:/devkitPro/libogc/lib/wii\libSDL.a(SDL_joystick.o) (SDL_SYS_JoystickInit)
c:/devkitPro/libogc/lib/wii\libSDL.a(SDL_wii_main.o)
                              c:/devkitpro/devkitppc/bin/../lib/gcc/powerpc-eabi/4.4.3/../../../../powerpc-eabi/lib/crtmain.o (main)
c:/devkitPro/libogc/lib/wii\libSDL.a(SDL_getenv.o)
                              c:/devkitPro/libogc/lib/wii\libSDL.a(SDL.o) (SDL_getenv)
c:/devkitPro/libogc/lib/wii\libSDL.a(SDL_string.o)
                              c:/devkitPro/libogc/lib/wii\libSDL.a(SDL_error.o) (SDL_snprintf)
c:/devkitPro/libogc/lib/wii\libSDL.a(SDL_thread.o)
                              c:/devkitPro/libogc/lib/wii\libSDL.a(SDL_error.o) (SDL_GetErrBuf)
c:/devkitPro/libogc/lib/wii\libSDL.a(SDL_sysmutex.o)
                              c:/devkitPro/libogc/lib/wii\libSDL.a(SDL_audio.o) (SDL_mutexV)
c:/devkitPro/libogc/lib/wii\libSDL.a(SDL_syssem.o)
                              c:/devkitPro/libogc/lib/wii\libSDL.a(SDL_thread.o) (SDL_SemPost)
c:/devkitPro/libogc/lib/wii\libSDL.a(SDL_systhread.o)
                              c:/devkitPro/libogc/lib/wii\libSDL.a(SDL_thread.o) (SDL_SYS_SetupThread)
c:/devkitPro/libogc/lib/wii\libSDL.a(SDL_timer.o)
                              c:/devkitPro/libogc/lib/wii\libSDL.a(SDL_events.o) (SDL_timer_running)
c:/devkitPro/libogc/lib/wii\libSDL.a(SDL_systimer.o)
                              c:/devkitPro/libogc/lib/wii\libSDL.a(SDL.o) (SDL_StartTicks)
c:/devkitPro/libogc/lib/wii\libSDL.a(SDL_cursor.o)
                              c:/devkitPro/libogc/lib/wii\libSDL.a(SDL_mouse.o) (SDL_MoveCursor)
c:/devkitPro/libogc/lib/wii\libSDL.a(SDL_pixels.o)
                              c:/devkitPro/libogc/lib/wii\libSDL.a(SDL_cursor.o) (SDL_MapRGB)
c:/devkitPro/libogc/lib/wii\libSDL.a(SDL_surface.o)
                              powder.o (SDL_LockSurface)
c:/devkitPro/libogc/lib/wii\libSDL.a(SDL_video.o)
                              c:/devkitPro/libogc/lib/wii\libSDL.a(SDL_events.o) (current_video)
c:/devkitPro/libogc/lib/wii\libSDL.a(SDL_wiivideo.o)
                              c:/devkitPro/libogc/lib/wii\libSDL.a(SDL_wii_main.o) (WII_InitVideoSystem)
c:/devkitPro/libogc/lib/wii\libSDL.a(SDL_active.o)
                              c:/devkitPro/libogc/lib/wii\libSDL.a(SDL_events.o) (SDL_AppActiveInit)
c:/devkitPro/libogc/lib/wii\libSDL.a(SDL_resize.o)
                              c:/devkitPro/libogc/lib/wii\libSDL.a(SDL_video.o) (SDL_PrivateResize)
c:/devkitPro/libogc/lib/wii\libSDL.a(SDL_syscond.o)
                              c:/devkitPro/libogc/lib/wii\libSDL.a(SDL_syssem.o) (SDL_CondWaitTimeout)
c:/devkitPro/libogc/lib/wii\libSDL.a(SDL_RLEaccel.o)
                              c:/devkitPro/libogc/lib/wii\libSDL.a(SDL_pixels.o) (SDL_UnRLESurface)
c:/devkitPro/libogc/lib/wii\libSDL.a(SDL_blit.o)
                              c:/devkitPro/libogc/lib/wii\libSDL.a(SDL_pixels.o) (SDL_CalculateBlit)
c:/devkitPro/libogc/lib/wii\libSDL.a(SDL_blit_0.o)
[...]
Memory Configuration

Name             Origin             Length             Attributes
*default*        0x00000000         0xffffffff

Linker script and memory map

                0x00003400                . = 0x3400

.stub
 *(.stub)
                0x80004000                . = 0x80004000

.init           0x80004000      0x20c
 *crt0.o(*.init)
 .init          0x80004000      0x1e8 c:/devkitPro/libogc/lib/wii\libogc.a(ogc_crt0.o)
                0x80004000                _start
                0x800041a0                _memset
                0x800041d0                video_line
 *(.init)
 .init          0x800041e8        0xc c:/devkitpro/devkitppc/bin/../lib/gcc/powerpc-eabi/4.4.3/ecrti.o
                0x800041e8                __init
 .init          0x800041f4        0x4 c:/devkitpro/devkitppc/bin/../lib/gcc/powerpc-eabi/4.4.3/crtbegin.o
 .init          0x800041f8        0x4 c:/devkitpro/devkitppc/bin/../lib/gcc/powerpc-eabi/4.4.3/crtend.o
 .init          0x800041fc       0x10 c:/devkitpro/devkitppc/bin/../lib/gcc/powerpc-eabi/4.4.3/ecrtn.o

.rela.dyn       0x8000420c        0x0
 .rela.iplt     0x00000000        0x0 c:/devkitpro/devkitppc/bin/../lib/gcc/powerpc-eabi/4.4.3/crtbegin.o

.plt
 *(.plt)

.interp
 *(.interp)

.hash
 *(.hash)

.dynsym
 *(.dynsym)

.dynstr
 *(.dynstr)

.gnu.version
 *(.gnu.version)

.gnu.version_d
 *(.gnu.version_d)

.gnu.version_r
 *(.gnu.version_r)

.rel.init
 *(.rel.init)

.rela.init      0x8000420c        0x0
 *(.rela.init)
 .rela.init     0x00000000        0x0 c:/devkitpro/devkitppc/bin/../lib/gcc/powerpc-eabi/4.4.3/crtbegin.o

.rel.text
 *(.rel.text .rel.text.* .rel.gnu.linkonce.t.*)

.rela.text      0x8000420c        0x0
 *(.rela.text .rela.text.* .rela.gnu.linkonce.t.*)
 .rela.text     0x00000000        0x0 c:/devkitpro/devkitppc/bin/../lib/gcc/powerpc-eabi/4.4.3/crtbegin.o
 .rela.text.try_move
                0x00000000        0x0 c:/devkitpro/devkitppc/bin/../lib/gcc/powerpc-eabi/4.4.3/crtbegin.o
 .rela.text.kill_part
                0x00000000        0x0 c:/devkitpro/devkitppc/bin/../lib/gcc/powerpc-eabi/4.4.3/crtbegin.o
 .rela.text.delete_part
                0x00000000        0x0 c:/devkitpro/devkitppc/bin/../lib/gcc/powerpc-eabi/4.4.3/crtbegin.o
 .rela.text.is_wire
                0x00000000        0x0 c:/devkitpro/devkitppc/bin/../lib/gcc/powerpc-eabi/4.4.3/crtbegin.o
 .rela.text.is_wire_off
                0x00000000        0x0 c:/devkitpro/devkitppc/bin/../lib/gcc/powerpc-eabi/4.4.3/crtbegin.o
 .rela.text.set_emap
                0x00000000        0x0 c:/devkitpro/devkitppc/bin/../lib/gcc/powerpc-eabi/4.4.3/crtbegin.o
 .rela.text.get_sign_pos
                0x00000000        0x0 c:/devkitpro/devkitppc/bin/../lib/gcc/powerpc-eabi/4.4.3/crtbegin.o
 .rela.text.update_air
                0x00000000        0x0 c:/devkitpro/devkitppc/bin/../lib/gcc/powerpc-eabi/4.4.3/crtbegin.o
 .rela.text.parse_save
                0x00000000        0x0 c:/devkitpro/devkitppc/bin/../lib/gcc/powerpc-eabi/4.4.3/crtbegin.o
 .rela.text.build_thumb
                0x00000000        0x0 c:/devkitpro/devkitppc/bin/../lib/gcc/powerpc-eabi/4.4.3/crtbegin.o
 .rela.text.set_cmode
                0x00000000        0x0 c:/devkitpro/devkitppc/bin/../lib/gcc/powerpc-eabi/4.4.3/crtbegin.o
 .rela.text.prepare_alpha
                0x00000000        0x0 c:/devkitpro/devkitppc/bin/../lib/gcc/powerpc-eabi/4.4.3/crtbegin.o
 .rela.text.make_kernel
                0x00000000        0x0 c:/devkitpro/devkitppc/bin/../lib/gcc/powerpc-eabi/4.4.3/crtbegin.o
 .rela.text.stamp_update
                0x00000000        0x0 c:/devkitpro/devkitppc/bin/../lib/gcc/powerpc-eabi/4.4.3/crtbegin.o
 .rela.text.build_save
                0x00000000        0x0 c:/devkitpro/devkitppc/bin/../lib/gcc/powerpc-eabi/4.4.3/crtbegin.o
 .rela.text.thumb_cache_find
                0x00000000        0x0 c:/devkitpro/devkitppc/bin/../lib/gcc/powerpc-eabi/4.4.3/crtbegin.o
 .rela.text.thumb_cache_inval
                0x00000000        0x0 c:/devkitpro/devkitppc/bin/../lib/gcc/powerpc-eabi/4.4.3/crtbegin.o
 .rela.text.ui_edit_process
                0x00000000        0x0 c:/devkitpro/devkitppc/bin/../lib/gcc/powerpc-eabi/4.4.3/crtbegin.o
 .rela.text.stamp_load
                0x00000000        0x0 c:/devkitpro/devkitppc/bin/../lib/gcc/powerpc-eabi/4.4.3/crtbegin.o
 .rela.text.stamp_gen_thumb
                0x00000000        0x0 c:/devkitpro/devkitppc/bin/../lib/gcc/powerpc-eabi/4.4.3/crtbegin.o
 .rela.text.stamp_init
                0x00000000        0x0 c:/devkitpro/devkitppc/bin/../lib/gcc/powerpc-eabi/4.4.3/crtbegin.o
 .rela.text.sdl_poll
                0x00000000        0x0 c:/devkitpro/devkitppc/bin/../lib/gcc/powerpc-eabi/4.4.3/crtbegin.o
 .rela.text.sdl_blit_2
                0x00000000        0x0 c:/devkitpro/devkitppc/bin/../lib/gcc/powerpc-eabi/4.4.3/crtbegin.o
 .rela.text.sdl_blit_1
                0x00000000        0x0 c:/devkitpro/devkitppc/bin/../lib/gcc/powerpc-eabi/4.4.3/crtbegin.o
 .rela.text.create_part
                0x00000000        0x0 c:/devkitpro/devkitppc/bin/../lib/gcc/powerpc-eabi/4.4.3/crtbegin.o
 .rela.text.T.504
                0x00000000        0x0 c:/devkitpro/devkitppc/bin/../lib/gcc/powerpc-eabi/4.4.3/crtbegin.o
 .rela.text.T.506
                0x00000000        0x0 c:/devkitpro/devkitppc/bin/../lib/gcc/powerpc-eabi/4.4.3/crtbegin.o
 .rela.text.draw_air
                0x00000000        0x0 c:/devkitpro/devkitppc/bin/../lib/gcc/powerpc-eabi/4.4.3/crtbegin.o
 .rela.text.create_parts
                0x00000000        0x0 c:/devkitpro/devkitppc/bin/../lib/gcc/powerpc-eabi/4.4.3/crtbegin.o
 .rela.text.flood_parts
                0x00000000        0x0 c:/devkitpro/devkitppc/bin/../lib/gcc/powerpc-eabi/4.4.3/crtbegin.o
 .rela.text.render_fire
                0x00000000        0x0 c:/devkitpro/devkitppc/bin/../lib/gcc/powerpc-eabi/4.4.3/crtbegin.o
 .rela.text.sdl_open
                0x00000000        0x0 c:/devkitpro/devkitppc/bin/../lib/gcc/powerpc-eabi/4.4.3/crtbegin.o
 .rela.text.stamp_save
                0x00000000        0x0 c:/devkitpro/devkitppc/bin/../lib/gcc/powerpc-eabi/4.4.3/crtbegin.o
 .rela.text.search_results
                0x00000000        0x0 c:/devkitpro/devkitppc/bin/../lib/gcc/powerpc-eabi/4.4.3/crtbegin.o
 .rela.text.thumb_cache_add
                0x00000000        0x0 c:/devkitpro/devkitppc/bin/../lib/gcc/powerpc-eabi/4.4.3/crtbegin.o
 .rela.text.render_signs
                0x00000000        0x0 c:/devkitpro/devkitppc/bin/../lib/gcc/powerpc-eabi/4.4.3/crtbegin.o
 .rela.text.update_particles
                0x00000000        0x0 c:/devkitpro/devkitppc/bin/../lib/gcc/powerpc-eabi/4.4.3/crtbegin.o
 .rela.text.add_sign_ui
                0x00000000        0x0 c:/devkitpro/devkitppc/bin/../lib/gcc/powerpc-eabi/4.4.3/crtbegin.o
 .rela.text.stamp_ui
                0x00000000        0x0 c:/devkitpro/devkitppc/bin/../lib/gcc/powerpc-eabi/4.4.3/crtbegin.o
 .rela.text.save_name_ui
                0x00000000        0x0 c:/devkitpro/devkitppc/bin/../lib/gcc/powerpc-eabi/4.4.3/crtbegin.o
 .rela.text.confirm_ui
                0x00000000        0x0 c:/devkitpro/devkitppc/bin/../lib/gcc/powerpc-eabi/4.4.3/crtbegin.o
 .rela.text.info_ui
                0x00000000        0x0 c:/devkitpro/devkitppc/bin/../lib/gcc/powerpc-eabi/4.4.3/crtbegin.o
 .rela.text.error_ui
                0x00000000        0x0 c:/devkitpro/devkitppc/bin/../lib/gcc/powerpc-eabi/4.4.3/crtbegin.o
 .rela.text.execute_save
                0x00000000        0x0 c:/devkitpro/devkitppc/bin/../lib/gcc/powerpc-eabi/4.4.3/crtbegin.o
 .rela.text.download_ui
                0x00000000        0x0 c:/devkitpro/devkitppc/bin/../lib/gcc/powerpc-eabi/4.4.3/crtbegin.o
 .rela.text.search_ui
                0x00000000        0x0 c:/devkitpro/devkitppc/bin/../lib/gcc/powerpc-eabi/4.4.3/crtbegin.o
 .rela.text.login_ui
                0x00000000        0x0 c:/devkitpro/devkitppc/bin/../lib/gcc/powerpc-eabi/4.4.3/crtbegin.o
 .rela.text.tag_list_ui
                0x00000000        0x0 c:/devkitpro/devkitppc/bin/../lib/gcc/powerpc-eabi/4.4.3/crtbegin.o
 .rela.text.SDL_main
                0x00000000        0x0 c:/devkitpro/devkitppc/bin/../lib/gcc/powerpc-eabi/4.4.3/crtbegin.o
 .rela.text.SDL_AudioInit
                0x00000000        0x0 c:/devkitpro/devkitppc/bin/../lib/gcc/powerpc-eabi/4.4.3/crtbegin.o
 .rela.text.SDL_CDName
                0x00000000        0x0 c:/devkitpro/devkitppc/bin/../lib/gcc/powerpc-eabi/4.4.3/crtbegin.o
 .rela.text.SDL_CDROMInit
                0x00000000        0x0 c:/devkitpro/devkitppc/bin/../lib/gcc/powerpc-eabi/4.4.3/crtbegin.o
 .rela.text.SDL_CDOpen
                0x00000000        0x0 c:/devkitpro/devkitppc/bin/../lib/gcc/powerpc-eabi/4.4.3/crtbegin.o
 .rela.text.SDL_CDNumDrives
                0x00000000        0x0 c:/devkitpro/devkitppc/bin/../lib/gcc/powerpc-eabi/4.4.3/crtbegin.o
 .rela.text.SDL_PumpEvents
                0x00000000        0x0 c:/devkitpro/devkitppc/bin/../lib/gcc/powerpc-eabi/4.4.3/crtbegin.o
 .rela.text.SDL_GobbleEvents
                0x00000000        0x0 c:/devkitpro/devkitppc/bin/../lib/gcc/powerpc-eabi/4.4.3/crtbegin.o
 .rela.text.SDL_StartEventLoop
                0x00000000        0x0 c:/devkitpro/devkitppc/bin/../lib/gcc/powerpc-eabi/4.4.3/crtbegin.o
 .rela.text.SDL_PrivateSysWMEvent
                0x00000000        0x0 c:/devkitpro/devkitppc/bin/../lib/gcc/powerpc-eabi/4.4.3/crtbegin.o
 .rela.text.SDL_WaitEvent
                0x00000000        0x0 c:/devkitpro/devkitppc/bin/../lib/gcc/powerpc-eabi/4.4.3/crtbegin.o
 .rela.text.SDL_SetEventFilter
                0x00000000        0x0 c:/devkitpro/devkitppc/bin/../lib/gcc/powerpc-eabi/4.4.3/crtbegin.o
 .rela.text.SDL_PollEvent
                0x00000000        0x0 c:/devkitpro/devkitppc/bin/../lib/gcc/powerpc-eabi/4.4.3/crtbegin.o
 .rela.text.SDL_EventState
                0x00000000        0x0 c:/devkitpro/devkitppc/bin/../lib/gcc/powerpc-eabi/4.4.3/crtbegin.o
 .rela.text.SDL_GetKeyRepeat
                0x00000000        0x0 c:/devkitpro/devkitppc/bin/../lib/gcc/powerpc-eabi/4.4.3/crtbegin.o
 .rela.text.SDL_EnableKeyRepeat
                0x00000000        0x0 c:/devkitpro/devkitppc/bin/../lib/gcc/powerpc-eabi/4.4.3/crtbegin.o
 .rela.text.SDL_CheckKeyRepeat
                0x00000000        0x0 c:/devkitpro/devkitppc/bin/../lib/gcc/powerpc-eabi/4.4.3/crtbegin.o
 .rela.text.SDL_PrivateKeyboard
                0x00000000        0x0 c:/devkitpro/devkitppc/bin/../lib/gcc/powerpc-eabi/4.4.3/crtbegin.o
 .rela.text.SDL_ResetKeyboard
                0x00000000        0x0 c:/devkitpro/devkitppc/bin/../lib/gcc/powerpc-eabi/4.4.3/crtbegin.o
 .rela.text.SDL_KeyboardInit
                0x00000000        0x0 c:/devkitpro/devkitppc/bin/../lib/gcc/powerpc-eabi/4.4.3/crtbegin.o
 .rela.text.SDL_ResetMouse
                0x00000000        0x0 c:/devkitpro/devkitppc/bin/../lib/gcc/powerpc-eabi/4.4.3/crtbegin.o
 .rela.text.SDL_PrivateMouseButton
                0x00000000        0x0 c:/devkitpro/devkitppc/bin/../lib/gcc/powerpc-eabi/4.4.3/crtbegin.o
 .rela.text.SDL_PrivateMouseMotion
                0x00000000        0x0 c:/devkitpro/devkitppc/bin/../lib/gcc/powerpc-eabi/4.4.3/crtbegin.o
 .rela.text.SDL_PrivateQuit
                0x00000000        0x0 c:/devkitpro/devkitppc/bin/../lib/gcc/powerpc-eabi/4.4.3/crtbegin.o
 .rela.text.SDL_HandleSIG
                0x00000000        0x0 c:/devkitpro/devkitppc/bin/../lib/gcc/powerpc-eabi/4.4.3/crtbegin.o
 .rela.text.SDL_PrivateJoystickButton
                0x00000000        0x0 c:/devkitpro/devkitppc/bin/../lib/gcc/powerpc-eabi/4.4.3/crtbegin.o
 .rela.text.SDL_PrivateJoystickBall
                0x00000000        0x0 c:/devkitpro/devkitppc/bin/../lib/gcc/powerpc-eabi/4.4.3/crtbegin.o
 .rela.text.SDL_PrivateJoystickHat
                0x00000000        0x0 c:/devkitpro/devkitppc/bin/../lib/gcc/powerpc-eabi/4.4.3/crtbegin.o
 .rela.text.SDL_PrivateJoystickAxis
                0x00000000        0x0 c:/devkitpro/devkitppc/bin/../lib/gcc/powerpc-eabi/4.4.3/crtbegin.o
 .rela.text.SDL_strupr
                0x00000000        0x0 c:/devkitpro/devkitppc/bin/../lib/gcc/powerpc-eabi/4.4.3/crtbegin.o
 .rela.text.SDL_strlwr
                0x00000000        0x0 c:/devkitpro/devkitppc/bin/../lib/gcc/powerpc-eabi/4.4.3/crtbegin.o
 .rela.text.SDL_vsnprintf
                0x00000000        0x0 c:/devkitpro/devkitppc/bin/../lib/gcc/powerpc-eabi/4.4.3/crtbegin.o
 .rela.text.SDL_SetTimer
                0x00000000        0x0 c:/devkitpro/devkitppc/bin/../lib/gcc/powerpc-eabi/4.4.3/crtbegin.o
 .rela.text.SDL_MouseRect
                0x00000000        0x0 c:/devkitpro/devkitppc/bin/../lib/gcc/powerpc-eabi/4.4.3/crtbegin.o
 .rela.text.SDL_WarpMouse
                0x00000000        0x0 c:/devkitpro/devkitppc/bin/../lib/gcc/powerpc-eabi/4.4.3/crtbegin.o
 .rela.text.SDL_DrawCursorNoLock
                0x00000000        0x0 c:/devkitpro/devkitppc/bin/../lib/gcc/powerpc-eabi/4.4.3/crtbegin.o
 .rela.text.SDL_DrawCursor
                0x00000000        0x0 c:/devkitpro/devkitppc/bin/../lib/gcc/powerpc-eabi/4.4.3/crtbegin.o
 .rela.text.SDL_EraseCursorNoLock
                0x00000000        0x0 c:/devkitpro/devkitppc/bin/../lib/gcc/powerpc-eabi/4.4.3/crtbegin.o
 .rela.text.SDL_EraseCursor
                0x00000000        0x0 c:/devkitpro/devkitppc/bin/../lib/gcc/powerpc-eabi/4.4.3/crtbegin.o
 .rela.text.SDL_MoveCursor
                0x00000000        0x0 c:/devkitpro/devkitppc/bin/../lib/gcc/powerpc-eabi/4.4.3/crtbegin.o
 .rela.text.SDL_SetCursor
                0x00000000        0x0 c:/devkitpro/devkitppc/bin/../lib/gcc/powerpc-eabi/4.4.3/crtbegin.o
 .rela.text.SDL_ShowCursor
                0x00000000        0x0 c:/devkitpro/devkitppc/bin/../lib/gcc/powerpc-eabi/4.4.3/crtbegin.o
 .rela.text.SDL_FreeCursor
                0x00000000        0x0 c:/devkitpro/devkitppc/bin/../lib/gcc/powerpc-eabi/4.4.3/crtbegin.o
 .rela.text.SDL_CreateCursor
                0x00000000        0x0 c:/devkitpro/devkitppc/bin/../lib/gcc/powerpc-eabi/4.4.3/crtbegin.o
 .rela.text.SDL_LockSurface
                0x00000000        0x0 c:/devkitpro/devkitppc/bin/../lib/gcc/powerpc-eabi/4.4.3/crtbegin.o
 .rela.text.SDL_UnlockSurface
                0x00000000        0x0 c:/devkitpro/devkitppc/bin/../lib/gcc/powerpc-eabi/4.4.3/crtbegin.o
 .rela.text.SDL_FillRect
                0x00000000        0x0 c:/devkitpro/devkitppc/bin/../lib/gcc/powerpc-eabi/4.4.3/crtbegin.o
 .rela.text.SDL_LowerBlit
                0x00000000        0x0 c:/devkitpro/devkitppc/bin/../lib/gcc/powerpc-eabi/4.4.3/crtbegin.o
 .rela.text.SDL_SetAlpha
                0x00000000        0x0 c:/devkitpro/devkitppc/bin/../lib/gcc/powerpc-eabi/4.4.3/crtbegin.o
 .rela.text.SDL_SetColorKey
                0x00000000        0x0 c:/devkitpro/devkitppc/bin/../lib/gcc/powerpc-eabi/4.4.3/crtbegin.o
 .rela.text.SDL_FreeSurface
                0x00000000        0x0 c:/devkitpro/devkitppc/bin/../lib/gcc/powerpc-eabi/4.4.3/crtbegin.o
 .rela.text.SDL_CreateRGBSurface
                0x00000000        0x0 c:/devkitpro/devkitppc/bin/../lib/gcc/powerpc-eabi/4.4.3/crtbegin.o
 .rela.text.SDL_ConvertSurface
                0x00000000        0x0 c:/devkitpro/devkitppc/bin/../lib/gcc/powerpc-eabi/4.4.3/crtbegin.o
 .rela.text.SDL_SetAlphaChannel
                0x00000000        0x0 c:/devkitpro/devkitppc/bin/../lib/gcc/powerpc-eabi/4.4.3/crtbegin.o
 .rela.text.SDL_UpperBlit
                0x00000000        0x0 c:/devkitpro/devkitppc/bin/../lib/gcc/powerpc-eabi/4.4.3/crtbegin.o
 .rela.text.SDL_VideoInit
                0x00000000        0x0 c:/devkitpro/devkitppc/bin/../lib/gcc/powerpc-eabi/4.4.3/crtbegin.o
 .rela.text.WII_CreateDevice
                0x00000000        0x0 c:/devkitpro/devkitppc/bin/../lib/gcc/powerpc-eabi/4.4.3/crtbegin.o
 .rela.text.flip_thread
                0x00000000        0x0 c:/devkitpro/devkitppc/bin/../lib/gcc/powerpc-eabi/4.4.3/crtbegin.o
 .rela.text.WII_InitVideoSystem
                0x00000000        0x0 c:/devkitpro/devkitppc/bin/../lib/gcc/powerpc-eabi/4.4.3/crtbegin.o
 .rela.text.WII_UpdateRect
                0x00000000        0x0 c:/devkitpro/devkitppc/bin/../lib/gcc/powerpc-eabi/4.4.3/crtbegin.o
 .rela.text.SDL_PrivateAppActive
                0x00000000        0x0 c:/devkitpro/devkitppc/bin/../lib/gcc/powerpc-eabi/4.4.3/crtbegin.o
 .rela.text.SDL_PrivateResize
                0x00000000        0x0 c:/devkitpro/devkitppc/bin/../lib/gcc/powerpc-eabi/4.4.3/crtbegin.o
 .rela.text.wiiuse_handshake_expansion
                0x00000000        0x0 c:/devkitpro/devkitppc/bin/../lib/gcc/powerpc-eabi/4.4.3/crtbegin.o
 .rela.text.wiiuse_handshake
                0x00000000        0x0 c:/devkitpro/devkitppc/bin/../lib/gcc/powerpc-eabi/4.4.3/crtbegin.o
 .rela.text.wiiuse_init_cmd_queue
                0x00000000        0x0 c:/devkitpro/devkitppc/bin/../lib/gcc/powerpc-eabi/4.4.3/crtbegin.o
 .rela.text.wiiuse_init
                0x00000000        0x0 c:/devkitpro/devkitppc/bin/../lib/gcc/powerpc-eabi/4.4.3/crtbegin.o
 .rela.text.bt_alarmhandler
                0x00000000        0x0 c:/devkitpro/devkitppc/bin/../lib/gcc/powerpc-eabi/4.4.3/crtbegin.o
 .rela.text.CON_EnableGecko
                0x00000000        0x0 c:/devkitpro/devkitppc/bin/../lib/gcc/powerpc-eabi/4.4.3/crtbegin.o
 .rela.text.__console_init
                0x00000000        0x0 c:/devkitpro/devkitppc/bin/../lib/gcc/powerpc-eabi/4.4.3/crtbegin.o
 .rela.text.__console_init_ex
                0x00000000        0x0 c:/devkitpro/devkitppc/bin/../lib/gcc/powerpc-eabi/4.4.3/crtbegin.o
 .rela.text.__lwp_rotate_readyqueue
                0x00000000        0x0 c:/devkitpro/devkitppc/bin/../lib/gcc/powerpc-eabi/4.4.3/crtbegin.o
 .rela.text.__lwp_thread_setstate
                0x00000000        0x0 c:/devkitpro/devkitppc/bin/../lib/gcc/powerpc-eabi/4.4.3/crtbegin.o
 .rela.text.__lwp_thread_setpriority
                0x00000000        0x0 c:/devkitpro/devkitppc/bin/../lib/gcc/powerpc-eabi/4.4.3/crtbegin.o
 .rela.text.__lwp_thread_suspend
                0x00000000        0x0 c:/devkitpro/devkitppc/bin/../lib/gcc/powerpc-eabi/4.4.3/crtbegin.o
 .rela.text.__lwp_thread_changepriority
                0x00000000        0x0 c:/devkitpro/devkitppc/bin/../lib/gcc/powerpc-eabi/4.4.3/crtbegin.o
 .rela.text.__lwp_thread_ready
                0x00000000        0x0 c:/devkitpro/devkitppc/bin/../lib/gcc/powerpc-eabi/4.4.3/crtbegin.o
 .rela.text.__lwp_thread_coreinit
                0x00000000        0x0 c:/devkitpro/devkitppc/bin/../lib/gcc/powerpc-eabi/4.4.3/crtbegin.o
 .rela.text.__lwp_thread_stopmultitasking
                0x00000000        0x0 c:/devkitpro/devkitppc/bin/../lib/gcc/powerpc-eabi/4.4.3/crtbegin.o
 .rela.text.__lwp_thread_close
                0x00000000        0x0 c:/devkitpro/devkitppc/bin/../lib/gcc/powerpc-eabi/4.4.3/crtbegin.o
 .rela.text.__lwp_thread_closeall
                0x00000000        0x0 c:/devkitpro/devkitppc/bin/../lib/gcc/powerpc-eabi/4.4.3/crtbegin.o
 .rela.text.__lwp_thread_startmultitasking
                0x00000000        0x0 c:/devkitpro/devkitppc/bin/../lib/gcc/powerpc-eabi/4.4.3/crtbegin.o
 .rela.text.__lwp_thread_tickle_timeslice
                0x00000000        0x0 c:/devkitpro/devkitppc/bin/../lib/gcc/powerpc-eabi/4.4.3/crtbegin.o
 .rela.text.LWP_InitQueue
                0x00000000        0x0 c:/devkitpro/devkitppc/bin/../lib/gcc/powerpc-eabi/4.4.3/crtbegin.o
 .rela.text.LWP_CreateThread
                0x00000000        0x0 c:/devkitpro/devkitppc/bin/../lib/gcc/powerpc-eabi/4.4.3/crtbegin.o
 .rela.text.__lwp_thread_context
                0x00000000        0x0 c:/devkitpro/devkitppc/bin/../lib/gcc/powerpc-eabi/4.4.3/crtbegin.o
 .rela.text.__lwp_thread_exists
                0x00000000        0x0 c:/devkitpro/devkitppc/bin/../lib/gcc/powerpc-eabi/4.4.3/crtbegin.o
 .rela.text.__lwp_thread_isalive
                0x00000000        0x0 c:/devkitpro/devkitppc/bin/../lib/gcc/powerpc-eabi/4.4.3/crtbegin.o
 .rela.text.__lwp_sysinit
                0x00000000        0x0 c:/devkitpro/devkitppc/bin/../lib/gcc/powerpc-eabi/4.4.3/crtbegin.o
 .rela.text.LWP_ThreadBroadcast
                0x00000000        0x0 c:/devkitpro/devkitppc/bin/../lib/gcc/powerpc-eabi/4.4.3/crtbegin.o
 .rela.text.LWP_CloseQueue
                0x00000000        0x0 c:/devkitpro/devkitppc/bin/../lib/gcc/powerpc-eabi/4.4.3/crtbegin.o
 .rela.text.LWP_ThreadSignal
                0x00000000        0x0 c:/devkitpro/devkitppc/bin/../lib/gcc/powerpc-eabi/4.4.3/crtbegin.o
 .rela.text.LWP_SetThreadPriority
                0x00000000        0x0 c:/devkitpro/devkitppc/bin/../lib/gcc/powerpc-eabi/4.4.3/crtbegin.o
 .rela.text.LWP_ThreadIsSuspended
                0x00000000        0x0 c:/devkitpro/devkitppc/bin/../lib/gcc/powerpc-eabi/4.4.3/crtbegin.o
 .rela.text.LWP_ThreadSleep
                0x00000000        0x0 c:/devkitpro/devkitppc/bin/../lib/gcc/powerpc-eabi/4.4.3/crtbegin.o
 .rela.text.LWP_SuspendThread
                0x00000000        0x0 c:/devkitpro/devkitppc/bin/../lib/gcc/powerpc-eabi/4.4.3/crtbegin.o
 .rela.text.LWP_ResumeThread
                0x00000000        0x0 c:/devkitpro/devkitppc/bin/../lib/gcc/powerpc-eabi/4.4.3/crtbegin.o
 .rela.text.LWP_JoinThread
                0x00000000        0x0 c:/devkitpro/devkitppc/bin/../lib/gcc/powerpc-eabi/4.4.3/crtbegin.o
 .rela.text.__lwp_stack_free
                0x00000000        0x0 c:/devkitpro/devkitppc/bin/../lib/gcc/powerpc-eabi/4.4.3/crtbegin.o
 .rela.text.__lwp_stack_allocate
                0x00000000        0x0 c:/devkitpro/devkitppc/bin/../lib/gcc/powerpc-eabi/4.4.3/crtbegin.o
 .rela.text.__lwp_watchdog_init
                0x00000000        0x0 c:/devkitpro/devkitppc/bin/../lib/gcc/powerpc-eabi/4.4.3/crtbegin.o
 .rela.text.__lwp_wd_tickle
                0x00000000        0x0 c:/devkitpro/devkitppc/bin/../lib/gcc/powerpc-eabi/4.4.3/crtbegin.o
 .rela.text.__lwp_wkspace_init
                0x00000000        0x0 c:/devkitpro/devkitppc/bin/../lib/gcc/powerpc-eabi/4.4.3/crtbegin.o
 .rela.text.__lwp_wkspace_heapused
                0x00000000        0x0 c:/devkitpro/devkitppc/bin/../lib/gcc/powerpc-eabi/4.4.3/crtbegin.o
 .rela.text.__lwp_wkspace_heapfree
                0x00000000        0x0 c:/devkitpro/devkitppc/bin/../lib/gcc/powerpc-eabi/4.4.3/crtbegin.o
 .rela.text.__lwp_objmgr_initinfo
                0x00000000        0x0 c:/devkitpro/devkitppc/bin/../lib/gcc/powerpc-eabi/4.4.3/crtbegin.o
 .rela.text.__irq_init
                0x00000000        0x0 c:/devkitpro/devkitppc/bin/../lib/gcc/powerpc-eabi/4.4.3/crtbegin.o
 .rela.text.LWP_MutexUnlock
                0x00000000        0x0 c:/devkitpro/devkitppc/bin/../lib/gcc/powerpc-eabi/4.4.3/crtbegin.o
 .rela.text.LWP_MutexDestroy
                0x00000000        0x0 c:/devkitpro/devkitppc/bin/../lib/gcc/powerpc-eabi/4.4.3/crtbegin.o
 .rela.text.LWP_MutexInit
                0x00000000        0x0 c:/devkitpro/devkitppc/bin/../lib/gcc/powerpc-eabi/4.4.3/crtbegin.o
 .rela.text.__lwp_mutex_init
                0x00000000        0x0 c:/devkitpro/devkitppc/bin/../lib/gcc/powerpc-eabi/4.4.3/crtbegin.o
 .rela.text.T.30
                0x00000000        0x0 c:/devkitpro/devkitppc/bin/../lib/gcc/powerpc-eabi/4.4.3/crtbegin.o
 .rela.text.__call_resetfuncs
                0x00000000        0x0 c:/devkitpro/devkitppc/bin/../lib/gcc/powerpc-eabi/4.4.3/crtbegin.o
 .rela.text.__SYS_LockSram
                0x00000000        0x0 c:/devkitpro/devkitppc/bin/../lib/gcc/powerpc-eabi/4.4.3/crtbegin.o
 .rela.text.__SYS_LockSramEx
                0x00000000        0x0 c:/devkitpro/devkitppc/bin/../lib/gcc/powerpc-eabi/4.4.3/crtbegin.o
 .rela.text.__SYS_SyncSram
                0x00000000        0x0 c:/devkitpro/devkitppc/bin/../lib/gcc/powerpc-eabi/4.4.3/crtbegin.o
 .rela.text.__sys_alarmhandler
                0x00000000        0x0 c:/devkitpro/devkitppc/bin/../lib/gcc/powerpc-eabi/4.4.3/crtbegin.o
 .rela.text.__unlocksram
                0x00000000        0x0 c:/devkitpro/devkitppc/bin/../lib/gcc/powerpc-eabi/4.4.3/crtbegin.o
 .rela.text.SYS_GetWirelessID
                0x00000000        0x0 c:/devkitpro/devkitppc/bin/../lib/gcc/powerpc-eabi/4.4.3/crtbegin.o
 .rela.text.SYS_SetWirelessID
                0x00000000        0x0 c:/devkitpro/devkitppc/bin/../lib/gcc/powerpc-eabi/4.4.3/crtbegin.o
 .rela.text.__SYS_SetBootTime
                0x00000000        0x0 c:/devkitpro/devkitppc/bin/../lib/gcc/powerpc-eabi/4.4.3/crtbegin.o
 .rela.text.__sram_writecallback
                0x00000000        0x0 c:/devkitpro/devkitppc/bin/../lib/gcc/powerpc-eabi/4.4.3/crtbegin.o
 .rela.text.__sram_init
                0x00000000        0x0 c:/devkitpro/devkitppc/bin/../lib/gcc/powerpc-eabi/4.4.3/crtbegin.o
 .rela.text.SYS_Init
                0x00000000        0x0 c:/devkitpro/devkitppc/bin/../lib/gcc/powerpc-eabi/4.4.3/crtbegin.o
 .rela.text.SYS_CancelAlarm
                0x00000000        0x0 c:/devkitpro/devkitppc/bin/../lib/gcc/powerpc-eabi/4.4.3/crtbegin.o
 .rela.text.SYS_RemoveAlarm
                0x00000000        0x0 c:/devkitpro/devkitppc/bin/../lib/gcc/powerpc-eabi/4.4.3/crtbegin.o
 .rela.text.SYS_SetPeriodicAlarm
                0x00000000        0x0 c:/devkitpro/devkitppc/bin/../lib/gcc/powerpc-eabi/4.4.3/crtbegin.o
 .rela.text.SYS_SetAlarm
                0x00000000        0x0 c:/devkitpro/devkitppc/bin/../lib/gcc/powerpc-eabi/4.4.3/crtbegin.o
 .rela.text.__lwp_cond_init
                0x00000000        0x0 c:/devkitpro/devkitppc/bin/../lib/gcc/powerpc-eabi/4.4.3/crtbegin.o
 .rela.text.__lwp_cond_signalsupp
                0x00000000        0x0 c:/devkitpro/devkitppc/bin/../lib/gcc/powerpc-eabi/4.4.3/crtbegin.o
 .rela.text.LWP_CondDestroy
                0x00000000        0x0 c:/devkitpro/devkitppc/bin/../lib/gcc/powerpc-eabi/4.4.3/crtbegin.o
 .rela.text.T.31
                0x00000000        0x0 c:/devkitpro/devkitppc/bin/../lib/gcc/powerpc-eabi/4.4.3/crtbegin.o
 .rela.text.LWP_CondInit
                0x00000000        0x0 c:/devkitpro/devkitppc/bin/../lib/gcc/powerpc-eabi/4.4.3/crtbegin.o
 .rela.text.GX_EndDispList
                0x00000000        0x0 c:/devkitpro/devkitppc/bin/../lib/gcc/powerpc-eabi/4.4.3/crtbegin.o
 .rela.text.GX_BeginDispList
                0x00000000        0x0 c:/devkitpro/devkitppc/bin/../lib/gcc/powerpc-eabi/4.4.3/crtbegin.o
 .rela.text.GX_Init
                0x00000000        0x0 c:/devkitpro/devkitppc/bin/../lib/gcc/powerpc-eabi/4.4.3/crtbegin.o
 .rela.text.c_decrementer_handler
                0x00000000        0x0 c:/devkitpro/devkitppc/bin/../lib/gcc/powerpc-eabi/4.4.3/crtbegin.o
 .rela.text.__lwp_mqbox_init
                0x00000000        0x0 c:/devkitpro/devkitppc/bin/../lib/gcc/powerpc-eabi/4.4.3/crtbegin.o
 .rela.text.MQ_Receive
                0x00000000        0x0 c:/devkitpro/devkitppc/bin/../lib/gcc/powerpc-eabi/4.4.3/crtbegin.o
 .rela.text.MQ_Close
                0x00000000        0x0 c:/devkitpro/devkitppc/bin/../lib/gcc/powerpc-eabi/4.4.3/crtbegin.o
 .rela.text.MQ_Jam
                0x00000000        0x0 c:/devkitpro/devkitppc/bin/../lib/gcc/powerpc-eabi/4.4.3/crtbegin.o
 .rela.text.MQ_Send
                0x00000000        0x0 c:/devkitpro/devkitppc/bin/../lib/gcc/powerpc-eabi/4.4.3/crtbegin.o
 .rela.text.MQ_Init
                0x00000000        0x0 c:/devkitpro/devkitppc/bin/../lib/gcc/powerpc-eabi/4.4.3/crtbegin.o
 .rela.text.__ioctlvfmtCB
                0x00000000        0x0 c:/devkitpro/devkitppc/bin/../lib/gcc/powerpc-eabi/4.4.3/crtbegin.o
 .rela.text.__ios_ioctlvformat_parse
                0x00000000        0x0 c:/devkitpro/devkitppc/bin/../lib/gcc/powerpc-eabi/4.4.3/crtbegin.o
 .rela.text.IOS_IoctlvFormatAsync
                0x00000000        0x0 c:/devkitpro/devkitppc/bin/../lib/gcc/powerpc-eabi/4.4.3/crtbegin.o
 .rela.text.IOS_IoctlvFormat
                0x00000000        0x0 c:/devkitpro/devkitppc/bin/../lib/gcc/powerpc-eabi/4.4.3/crtbegin.o
 .rela.text.nanosleep
                0x00000000        0x0 c:/devkitpro/devkitppc/bin/../lib/gcc/powerpc-eabi/4.4.3/crtbegin.o
 .rela.text.__libc_init
                0x00000000        0x0 c:/devkitpro/devkitppc/bin/../lib/gcc/powerpc-eabi/4.4.3/crtbegin.o
 .rela.text.__libc_wrapup
                0x00000000        0x0 c:/devkitpro/devkitppc/bin/../lib/gcc/powerpc-eabi/4.4.3/crtbegin.o
 .rela.text.__libc_delete_hook
                0x00000000        0x0 c:/devkitpro/devkitppc/bin/../lib/gcc/powerpc-eabi/4.4.3/crtbegin.o
 .rela.text.__CheckARGV
                0x00000000        0x0 c:/devkitpro/devkitppc/bin/../lib/gcc/powerpc-eabi/4.4.3/crtbegin.o
 .rela.text.__lwp_priority_init
                0x00000000        0x0 c:/devkitpro/devkitppc/bin/../lib/gcc/powerpc-eabi/4.4.3/crtbegin.o
 .rela.text.__lwp_threadqueue_enqueuefifo
                0x00000000        0x0 c:/devkitpro/devkitppc/bin/../lib/gcc/powerpc-eabi/4.4.3/crtbegin.o
 .rela.text.__lwp_threadqueue_dequeuefifo
                0x00000000        0x0 c:/devkitpro/devkitppc/bin/../lib/gcc/powerpc-eabi/4.4.3/crtbegin.o
 .rela.text.__lwp_threadqueue_extractpriority
                0x00000000        0x0 c:/devkitpro/devkitppc/bin/../lib/gcc/powerpc-eabi/4.4.3/crtbegin.o
 .rela.text.__lwp_threadqueue_dequeuepriority
                0x00000000        0x0 c:/devkitpro/devkitppc/bin/../lib/gcc/powerpc-eabi/4.4.3/crtbegin.o
 .rela.text.__lwp_threadqueue_extractfifo
                0x00000000        0x0 c:/devkitpro/devkitppc/bin/../lib/gcc/powerpc-eabi/4.4.3/crtbegin.o
 .rela.text.__lwp_threadqueue_enqueuepriority
                0x00000000        0x0 c:/devkitpro/devkitppc/bin/../lib/gcc/powerpc-eabi/4.4.3/crtbegin.o
 .rela.text.__lwp_threadqueue_enqueue
                0x00000000        0x0 c:/devkitpro/devkitppc/bin/../lib/gcc/powerpc-eabi/4.4.3/crtbegin.o
 .rela.text.__lwpmq_close
                0x00000000        0x0 c:/devkitpro/devkitppc/bin/../lib/gcc/powerpc-eabi/4.4.3/crtbegin.o
 .rela.text.__lwpmq_initialize
                0x00000000        0x0 c:/devkitpro/devkitppc/bin/../lib/gcc/powerpc-eabi/4.4.3/crtbegin.o
 .rela.text.__exception_sethandler
                0x00000000        0x0 c:/devkitpro/devkitppc/bin/../lib/gcc/powerpc-eabi/4.4.3/crtbegin.o
 .rela.text.__exception_init
                0x00000000        0x0 c:/devkitpro/devkitppc/bin/../lib/gcc/powerpc-eabi/4.4.3/crtbegin.o
 .rela.text.__systemcall_init
                0x00000000        0x0 c:/devkitpro/devkitppc/bin/../lib/gcc/powerpc-eabi/4.4.3/crtbegin.o
 .rela.text.__lwp_sema_init
                0x00000000        0x0 c:/devkitpro/devkitppc/bin/../lib/gcc/powerpc-eabi/4.4.3/crtbegin.o
 .rela.text.LWP_SemWait
                0x00000000        0x0 c:/devkitpro/devkitppc/bin/../lib/gcc/powerpc-eabi/4.4.3/crtbegin.o
 .rela.text.LWP_SemDestroy
                0x00000000        0x0 c:/devkitpro/devkitppc/bin/../lib/gcc/powerpc-eabi/4.4.3/crtbegin.o
 .rela.text.LWP_SemPost
                0x00000000        0x0 c:/devkitpro/devkitppc/bin/../lib/gcc/powerpc-eabi/4.4.3/crtbegin.o
 .rela.text.LWP_SemInit
                0x00000000        0x0 c:/devkitpro/devkitppc/bin/../lib/gcc/powerpc-eabi/4.4.3/crtbegin.o
 .rela.text.kprintf
                0x00000000        0x0 c:/devkitpro/devkitppc/bin/../lib/gcc/powerpc-eabi/4.4.3/crtbegin.o
 .rela.text.atangent
                0x00000000        0x0 c:/devkitpro/devkitppc/bin/../lib/gcc/powerpc-eabi/4.4.3/crtbegin.o
 .rela.text.exp
                0x00000000        0x0 c:/devkitpro/devkitppc/bin/../lib/gcc/powerpc-eabi/4.4.3/crtbegin.o
 .rela.text.ldexp
                0x00000000        0x0 c:/devkitpro/devkitppc/bin/../lib/gcc/powerpc-eabi/4.4.3/crtbegin.o
 .rela.text._keyboardRead
                0x00000000        0x0 c:/devkitpro/devkitppc/bin/../lib/gcc/powerpc-eabi/4.4.3/crtbegin.o
 .rela.text.KEYBOARD_Init
                0x00000000        0x0 c:/devkitpro/devkitppc/bin/../lib/gcc/powerpc-eabi/4.4.3/crtbegin.o
 .rela.text._kbd_buf_thread_func
                0x00000000        0x0 c:/devkitpro/devkitppc/bin/../lib/gcc/powerpc-eabi/4.4.3/crtbegin.o
 .rela.text.calloc
                0x00000000        0x0 c:/devkitpro/devkitppc/bin/../lib/gcc/powerpc-eabi/4.4.3/crtbegin.o
 .rela.text.__errno
                0x00000000        0x0 c:/devkitpro/devkitppc/bin/../lib/gcc/powerpc-eabi/4.4.3/crtbegin.o
 .rela.text.exit
                0x00000000        0x0 c:/devkitpro/devkitppc/bin/../lib/gcc/powerpc-eabi/4.4.3/crtbegin.o
 .rela.text.fclose
                0x00000000        0x0 c:/devkitpro/devkitppc/bin/../lib/gcc/powerpc-eabi/4.4.3/crtbegin.o
 .rela.text.fflush
                0x00000000        0x0 c:/devkitpro/devkitppc/bin/../lib/gcc/powerpc-eabi/4.4.3/crtbegin.o
 .rela.text._cleanup
                0x00000000        0x0 c:/devkitpro/devkitppc/bin/../lib/gcc/powerpc-eabi/4.4.3/crtbegin.o
 .rela.text.__fp_unlock_all
                0x00000000        0x0 c:/devkitpro/devkitppc/bin/../lib/gcc/powerpc-eabi/4.4.3/crtbegin.o
 .rela.text.__fp_lock_all
                0x00000000        0x0 c:/devkitpro/devkitppc/bin/../lib/gcc/powerpc-eabi/4.4.3/crtbegin.o
 .rela.text.std
                0x00000000        0x0 c:/devkitpro/devkitppc/bin/../lib/gcc/powerpc-eabi/4.4.3/crtbegin.o
 .rela.text.__sfp
                0x00000000        0x0 c:/devkitpro/devkitppc/bin/../lib/gcc/powerpc-eabi/4.4.3/crtbegin.o
 .rela.text._fopen_r
                0x00000000        0x0 c:/devkitpro/devkitppc/bin/../lib/gcc/powerpc-eabi/4.4.3/crtbegin.o
 .rela.text.fopen
                0x00000000        0x0 c:/devkitpro/devkitppc/bin/../lib/gcc/powerpc-eabi/4.4.3/crtbegin.o
 .rela.text.fprintf
                0x00000000        0x0 c:/devkitpro/devkitppc/bin/../lib/gcc/powerpc-eabi/4.4.3/crtbegin.o
 .rela.text.fread
                0x00000000        0x0 c:/devkitpro/devkitppc/bin/../lib/gcc/powerpc-eabi/4.4.3/crtbegin.o
 .rela.text._malloc_trim_r
                0x00000000        0x0 c:/devkitpro/devkitppc/bin/../lib/gcc/powerpc-eabi/4.4.3/crtbegin.o
 .rela.text._free_r
                0x00000000        0x0 c:/devkitpro/devkitppc/bin/../lib/gcc/powerpc-eabi/4.4.3/crtbegin.o
 .rela.text._fseek_r
                0x00000000        0x0 c:/devkitpro/devkitppc/bin/../lib/gcc/powerpc-eabi/4.4.3/crtbegin.o
 .rela.text.fseek
                0x00000000        0x0 c:/devkitpro/devkitppc/bin/../lib/gcc/powerpc-eabi/4.4.3/crtbegin.o
 .rela.text.ftell
                0x00000000        0x0 c:/devkitpro/devkitppc/bin/../lib/gcc/powerpc-eabi/4.4.3/crtbegin.o
 .rela.text.fwrite
                0x00000000        0x0 c:/devkitpro/devkitppc/bin/../lib/gcc/powerpc-eabi/4.4.3/crtbegin.o
 .rela.text.getenv
                0x00000000        0x0 c:/devkitpro/devkitppc/bin/../lib/gcc/powerpc-eabi/4.4.3/crtbegin.o
 .rela.text._findenv
                0x00000000        0x0 c:/devkitpro/devkitppc/bin/../lib/gcc/powerpc-eabi/4.4.3/crtbegin.o
 .rela.text._findenv_r
                0x00000000        0x0 c:/devkitpro/devkitppc/bin/../lib/gcc/powerpc-eabi/4.4.3/crtbegin.o
 .rela.text.__smakebuf_r
                0x00000000        0x0 c:/devkitpro/devkitppc/bin/../lib/gcc/powerpc-eabi/4.4.3/crtbegin.o
 .rela.text._sscanf_r
                0x00000000        0x0 c:/devkitpro/devkitppc/bin/../lib/gcc/powerpc-eabi/4.4.3/crtbegin.o
 .rela.text.sscanf
                0x00000000        0x0 c:/devkitpro/devkitppc/bin/../lib/gcc/powerpc-eabi/4.4.3/crtbegin.o
 .rela.text._svfprintf_r
                0x00000000        0x0 c:/devkitpro/devkitppc/bin/../lib/gcc/powerpc-eabi/4.4.3/crtbegin.o
 .rela.text.__ssvfscanf_r
                0x00000000        0x0 c:/devkitpro/devkitppc/bin/../lib/gcc/powerpc-eabi/4.4.3/crtbegin.o
 .rela.text._vfprintf_r
                0x00000000        0x0 c:/devkitpro/devkitppc/bin/../lib/gcc/powerpc-eabi/4.4.3/crtbegin.o
 .rela.text.wcrtomb
                0x00000000        0x0 c:/devkitpro/devkitppc/bin/../lib/gcc/powerpc-eabi/4.4.3/crtbegin.o
 .rela.text._wcrtomb_r
                0x00000000        0x0 c:/devkitpro/devkitppc/bin/../lib/gcc/powerpc-eabi/4.4.3/crtbegin.o
 .rela.text._dtoa_r
                0x00000000        0x0 c:/devkitpro/devkitppc/bin/../lib/gcc/powerpc-eabi/4.4.3/crtbegin.o
 .rela.text.loadlocale
                0x00000000        0x0 c:/devkitpro/devkitppc/bin/../lib/gcc/powerpc-eabi/4.4.3/crtbegin.o
 .rela.text.mbrtowc
                0x00000000        0x0 c:/devkitpro/devkitppc/bin/../lib/gcc/powerpc-eabi/4.4.3/crtbegin.o
 .rela.text._mbrtowc_r
                0x00000000        0x0 c:/devkitpro/devkitppc/bin/../lib/gcc/powerpc-eabi/4.4.3/crtbegin.o
 .rela.text.__hexdig_init
                0x00000000        0x0 c:/devkitpro/devkitppc/bin/../lib/gcc/powerpc-eabi/4.4.3/crtbegin.o
 .rela.text.__gethex
                0x00000000        0x0 c:/devkitpro/devkitppc/bin/../lib/gcc/powerpc-eabi/4.4.3/crtbegin.o
 .rela.text.__hexnan
                0x00000000        0x0 c:/devkitpro/devkitppc/bin/../lib/gcc/powerpc-eabi/4.4.3/crtbegin.o

.rel.fini
 *(.rel.fini)

.rela.fini
 *(.rela.fini)

.rel.rodata
 *(.rel.rodata .rel.rodata.* .rel.gnu.linkonce.r.*)

.rela.rodata    0x8000420c        0x0
 *(.rela.rodata .rela.rodata.* .rela.gnu.linkonce.r.*)
 .rela.rodata.cst4
                0x00000000        0x0 c:/devkitpro/devkitppc/bin/../lib/gcc/powerpc-eabi/4.4.3/crtbegin.o
 .rela.rodata.bootstrap
                0x00000000        0x0 c:/devkitpro/devkitppc/bin/../lib/gcc/powerpc-eabi/4.4.3/crtbegin.o

.rel.data
 *(.rel.data .rel.data.* .rel.gnu.linkonce.d.*)

.rela.data
 *(.rela.data .rela.data.* .rela.gnu.linkonce.d.*)

.rel.tdata
 *(.rel.tdata .rel.tdata.* .rel.gnu.linkonce.td.*)

.rela.tdata
 *(.rela.tdata .rela.tdata.* .rela.gnu.linkonce.td.*)

.rel.tbss
 *(.rel.tbss .rel.tbss.* .rel.gnu.linkonce.tb.*)

.rela.tbss
 *(.rela.tbss .rela.tbss.* .rela.gnu.linkonce.tb.*)

.rel.ctors
 *(.rel.ctors)

.rela.ctors
 *(.rela.ctors)

.rel.dtors
 *(.rel.dtors)

.rela.dtors
 *(.rela.dtors)

.rel.got
 *(.rel.got)

.rela.got
 *(.rela.got)

.rela.got1
 *(.rela.got1)

.rela.got2      0x8000420c        0x0
 *(.rela.got2)
 .rela.got2     0x00000000        0x0 c:/devkitpro/devkitppc/bin/../lib/gcc/powerpc-eabi/4.4.3/crtbegin.o

.rel.sdata
 *(.rel.sdata .rel.sdata.* .rel.gnu.linkonce.s.*)

.rela.sdata     0x8000420c        0x0
 *(.rela.sdata .rela.sdata.* .rela.gnu.linkonce.s.*)
 .rela.sdata._ukbd_keymapdata
                0x00000000        0x0 c:/devkitpro/devkitppc/bin/../lib/gcc/powerpc-eabi/4.4.3/crtbegin.o

.rel.sbss
 *(.rel.sbss .rel.sbss.* .rel.gnu.linkonce.sb.*)

.rela.sbss
 *(.rela.sbss .rela.sbss.* .rel.gnu.linkonce.sb.*)

.rel.sdata2
 *(.rel.sdata2 .rel.sdata2.* .rel.gnu.linkonce.s2.*)

.rela.sdata2    0x8000420c        0x0
 *(.rela.sdata2 .rela.sdata2.* .rela.gnu.linkonce.s2.*)
 .rela.sdata2.__sys_inIPL
                0x00000000        0x0 c:/devkitpro/devkitppc/bin/../lib/gcc/powerpc-eabi/4.4.3/crtbegin.o
 .rela.sdata2.__gx
                0x00000000        0x0 c:/devkitpro/devkitppc/bin/../lib/gcc/powerpc-eabi/4.4.3/crtbegin.o

.rel.sbss2
 *(.rel.sbss2 .rel.sbss2.* .rel.gnu.linkonce.sb2.*)

.rela.sbss2
 *(.rela.sbss2 .rela.sbss2.* .rela.gnu.linkonce.sb2.*)

.rel.bss
 *(.rel.bss .rel.bss.* .rel.gnu.linkonce.b.*)

.rela.bss
 *(.rela.bss .rela.bss.* .rela.gnu.linkonce.b.*)

.rel.plt
 *(.rel.plt)

.rela.plt
 *(.rela.plt)

.text           0x80004220    0x86860
 *(.text)
 .text          0x80004220      0x168 c:/devkitpro/devkitppc/bin/../lib/gcc/powerpc-eabi/4.4.3/crtbegin.o
 .text          0x80004388       0x48 c:/devkitpro/devkitppc/bin/../lib/gcc/powerpc-eabi/4.4.3/../../../../powerpc-eabi/lib/crtmain.o
                0x8000438c                __crtmain
 *fill*         0x800043d0       0x10 00000000
 .text          0x800043e0      0x4ec c:/devkitPro/libogc/lib/wii\libogc.a(lwp_handler.o)
                0x800043e0                _cpu_context_save_fp
                0x80004520                _cpu_context_restore_fp
                0x80004660                _cpu_context_switch
                0x800047e0                _cpu_context_save
                0x80004860                _cpu_context_restore
 .text          0x800048cc      0x4d8 c:/devkitPro/libogc/lib/wii\libogc.a(cache_asm.o)
                0x800048cc                DCFlashInvalidate
                0x800048dc                DCEnable
                0x800048f0                DCDisable
                0x80004904                DCFreeze
                0x80004918                DCUnfreeze
                0x80004928                DCTouchLoad
                0x80004930                DCBlockZero
                0x80004938                DCBlockStore
                0x80004940                DCBlockFlush
                0x80004948                DCBlockInvalidate
                0x80004950                DCInvalidateRange
                0x80004980                DCFlushRange
                0x800049b4                DCStoreRange
                0x800049e8                DCFlushRangeNoSync
                0x80004a18                DCStoreRangeNoSync
                0x80004a48                DCZeroRange
                0x80004a78                DCTouchRange
                0x80004aa8                ICInvalidateRange
                0x80004ae0                ICFlashInvalidate
                0x80004af0                ICEnable
                0x80004b04                ICDisable
                0x80004b18                ICFreeze
                0x80004b2c                ICUnfreeze
                0x80004b3c                ICBlockInvalidate
                0x80004b44                ICSync
                0x80004b4c                L2Init
                0x80004b94                L2Enable
                0x80004ba8                L2Disable
                0x80004bc0                L2GlobalInvalidate
                0x80004c18                __LCEnable
                0x80004ce0                LCDisable
                0x80004d08                LCAllocOneTag
                0x80004d1c                LCAllocTags
                0x80004d5c                LCLoadBlocks
                0x80004d80                LCStoreBlocks
 .text          0x80004da4      0x518 c:/devkitPro/libogc/lib/wii\libogc.a(system_asm.o)
                0x80004da4                __realmode
                0x80004dbc                __configBATS
                0x80004f00                __configMEM1_24Mb
                0x80004f74                __configMEM1_48Mb
                0x80004fe8                __configMEM2_64Mb
                0x8000504c                __configMEM2_128Mb
                0x800050b0                __PSInit
                0x800050e8                __CacheInit
                0x8000514c                __SystemInit
                0x800051d0                __flush_cache
                0x80005204                __reset
                0x80005274                SYS_SwitchFiber
                0x800052a4                InitBATS
 .text          0x800052bc      0x934 c:/devkitPro/libogc/lib/wii\libogc.a(gu_psasm.o)
                0x800052bc                ps_guMtxConcat
                0x80005388                ps_guMtxIdentity
                0x800053bc                ps_guMtxCopy
                0x800053f0                ps_guMtxTranspose
                0x80005448                ps_guMtxInverse
                0x80005540                ps_guMtxInvXpos
                0x80005608                ps_guMtxScale
                0x80005638                ps_guMtxScaleApply
                0x80005690                ps_guMtxApplyScale
                0x800056fc                ps_guMtxTrans
                0x80005738                ps_guMtxTransApply
                0x80005784                ps_guMtxApplyTrans
                0x80005808                ps_guMtxRotTrig
                0x800058c0                __ps_guMtxRotAxisRadInternal
                0x80005988                ps_guMtxReflect
                0x80005a00                ps_guVecAdd
                0x80005a24                ps_guVecSub
                0x80005a48                ps_guVecScale
                0x80005a64                ps_guVecNormalize
                0x80005ab0                ps_guVecCross
                0x80005aec                ps_guVecDotProduct
                0x80005b0c                ps_guVecMultiply
                0x80005b60                ps_guVecMultiplySR
                0x80005bd0                ps_guQuatDotProduct
 .text          0x80005bf0      0x1b0 c:/devkitPro/libogc/lib/wii\libogc.a(irq_handler.o)
                0x80005bf0                irq_exceptionhandler
 .text          0x80005da0      0x118 c:/devkitPro/libogc/lib/wii\libogc.a(video_asm.o)
                0x80005da0                __VIClearFramebuffer
 .text          0x80005eb8      0x1b0 c:/devkitPro/libogc/lib/wii\libogc.a(decrementer_handler.o)
                0x80005eb8                dec_exceptionhandler
 .text          0x80006068      0x35c c:/devkitPro/libogc/lib/wii\libogc.a(exception_handler.o)
                0x80006068                exceptionhandler_start
                0x800060e4                exceptionhandler_patch
                0x80006118                exceptionhandler_end
                0x8000611c                default_exceptionhandler
                0x8000625c                fpu_exceptionhandler
                0x80006394                systemcallhandler_start
                0x800063c0                systemcallhandler_end
 .text          0x800063c4      0x40c c:/devkitpro/devkitppc/bin/../lib/gcc/powerpc-eabi/4.4.3\libgcc.a(_divdi3.o)
                0x800063c4                __divdi3
 .text          0x800067d0      0x48c c:/devkitpro/devkitppc/bin/../lib/gcc/powerpc-eabi/4.4.3\libgcc.a(_moddi3.o)
                0x800067d0                __moddi3
 .text          0x80006c5c      0x3f0 c:/devkitpro/devkitppc/bin/../lib/gcc/powerpc-eabi/4.4.3\libgcc.a(_udivdi3.o)
                0x80006c5c                __udivdi3
 .text          0x8000704c      0x3fc c:/devkitpro/devkitppc/bin/../lib/gcc/powerpc-eabi/4.4.3\libgcc.a(_umoddi3.o)
                0x8000704c                __umoddi3
 .text          0x80007448       0xb4 c:/devkitpro/devkitppc/bin/../lib/gcc/powerpc-eabi/4.4.3\libgcc.a(eabi.o)
                0x80007448                __eabi
                0x80007490                __eabi_convert
                0x800074c4                __eabi_uconvert
 .text          0x800074fc       0x28 c:/devkitpro/devkitppc/bin/../lib/gcc/powerpc-eabi/4.4.3/../../../../powerpc-eabi/lib\libsysbase.a(abort.o)
                0x800074fc                abort
 .text          0x80007524      0x2fc c:/devkitpro/devkitppc/bin/../lib/gcc/powerpc-eabi/4.4.3/../../../../powerpc-eabi/lib\libsysbase.a(iosupport.o)
                0x80007524                setDefaultDevice
                0x8000753c                AddDevice
                0x80007664                FindDevice
                0x8000778c                GetDeviceOpTab
                0x800077d0                RemoveDevice
 .text          0x80007820       0x28 c:/devkitpro/devkitppc/bin/../lib/gcc/powerpc-eabi/4.4.3/../../../../powerpc-eabi/lib\libsysbase.a(_exit.o)
                0x80007820                _exit
 .text          0x80007848       0x88 c:/devkitpro/devkitppc/bin/../lib/gcc/powerpc-eabi/4.4.3/../../../../powerpc-eabi/lib\libsysbase.a(mkdir.o)
                0x80007848                mkdir
 .text          0x800078d0       0xa0 c:/devkitpro/devkitppc/bin/../lib/gcc/powerpc-eabi/4.4.3/../../../../powerpc-eabi/lib\libsysbase.a(build_argv.o)
                0x800078d0                build_argv
 .text          0x80007970      0x168 c:/devkitpro/devkitppc/bin/../lib/gcc/powerpc-eabi/4.4.3/../../../../powerpc-eabi/lib\libsysbase.a(syscall_support.o)
                0x80007970                __libc_lock_init
                0x800079b0                __libc_lock_close
                0x800079f0                __libc_lock_release
                0x80007a30                __libc_lock_acquire
                0x80007a70                __malloc_lock
                0x80007aa4                __malloc_unlock
 .text          0x80007ad8       0xa0 c:/devkitpro/devkitppc/bin/../lib/gcc/powerpc-eabi/4.4.3/../../../../powerpc-eabi/lib\libsysbase.a(close.o)
                0x80007ad8                _close_r
 .text          0x80007b78       0xc8 c:/devkitpro/devkitppc/bin/../lib/gcc/powerpc-eabi/4.4.3/../../../../powerpc-eabi/lib\libsysbase.a(fstat.o)
                0x80007b78                _fstat_r
 .text          0x80007c40       0x10 c:/devkitpro/devkitppc/bin/../lib/gcc/powerpc-eabi/4.4.3/../../../../powerpc-eabi/lib\libsysbase.a(getpid.o)
                0x80007c40                _getpid_r
 .text          0x80007c50        0x8 c:/devkitpro/devkitppc/bin/../lib/gcc/powerpc-eabi/4.4.3/../../../../powerpc-eabi/lib\libsysbase.a(isatty.o)
                0x80007c50                _isatty_r
 .text          0x80007c58       0x10 c:/devkitpro/devkitppc/bin/../lib/gcc/powerpc-eabi/4.4.3/../../../../powerpc-eabi/lib\libsysbase.a(kill.o)
                0x80007c58                _kill_r
 .text          0x80007c68       0xd4 c:/devkitpro/devkitppc/bin/../lib/gcc/powerpc-eabi/4.4.3/../../../../powerpc-eabi/lib\libsysbase.a(lseek.o)
                0x80007c68                _lseek_r
 .text          0x80007d3c      0x14c c:/devkitpro/devkitppc/bin/../lib/gcc/powerpc-eabi/4.4.3/../../../../powerpc-eabi/lib\libsysbase.a(open.o)
                0x80007d3c                _open_r
 .text          0x80007e88       0xb0 c:/devkitpro/devkitppc/bin/../lib/gcc/powerpc-eabi/4.4.3/../../../../powerpc-eabi/lib\libsysbase.a(read.o)
                0x80007e88                _read_r
 .text          0x80007f38       0x50 c:/devkitpro/devkitppc/bin/../lib/gcc/powerpc-eabi/4.4.3/../../../../powerpc-eabi/lib\libsysbase.a(sbrk.o)
                0x80007f38                _sbrk_r
 .text          0x80007f88       0xb0 c:/devkitpro/devkitppc/bin/../lib/gcc/powerpc-eabi/4.4.3/../../../../powerpc-eabi/lib\libsysbase.a(write.o)
                0x80007f88                _write_r
 .text          0x80008038       0x6c c:/devkitpro/devkitppc/bin/../lib/gcc/powerpc-eabi/4.4.3/../../../../powerpc-eabi/lib\libsysbase.a(flock.o)
                0x80008038                __funlockfile
                0x8000805c                __flockfile
 .text          0x800080a4      0x11c c:/devkitpro/devkitppc/bin/../lib/gcc/powerpc-eabi/4.4.3/../../../../powerpc-eabi/lib\libsysbase.a(handle_manager.o)
                0x800080a4                __get_handle
                0x800080c8                __alloc_handle
                0x80008164                __release_handle
 .text          0x800081c0       0x6c c:/devkitpro/devkitppc/bin/../lib/gcc/powerpc-eabi/4.4.3/crtend.o
 *(.text.*)
 .text.http_init
                0x8000822c        0x4 http.o
                0x8000822c                http_init
 .text.http_done
                0x80008230       0x10 http.o
                0x80008230                http_done
 .text.http_async_req_start
                0x80008240        0x4 http.o
                0x80008240                http_async_req_start
 .text.http_async_req_status
                0x80008244        0x8 http.o
                0x80008244                http_async_req_status
 .text.http_async_req_stop
                0x8000824c        0x8 http.o
                0x8000824c                http_async_req_stop
 .text.http_async_get_length
                0x80008254        0x4 http.o
                0x80008254                http_async_get_length
 .text.http_async_req_close
                0x80008258        0x4 http.o
                0x80008258                http_async_req_close
 .text.http_simple_get
                0x8000825c        0x4 http.o
                0x8000825c                http_simple_get
 .text.http_ret_text
                0x80008260        0x4 http.o
                0x80008260                http_ret_text
 .text.http_multipart_post
                0x80008264        0x8 http.o
                0x80008264                http_multipart_post
 .text.md5_transform
                0x8000826c      0xc04 md5.o
                0x8000826c                md5_transform
 .text.md5_final
                0x80008e70      0x184 md5.o
                0x80008e70                md5_final
 .text.md5_update
                0x80008ff4      0x124 md5.o
                0x80008ff4                md5_update
 .text.md5_ascii
                0x80009118      0x2ac md5.o
                0x80009118                md5_ascii
 .text.try_move
                0x800093c4      0x3f0 powder.o
                0x800093c4                try_move
 .text.kill_part
                0x800097b4       0xa4 powder.o
                0x800097b4                kill_part
 .text.set_emap
                0x80009858      0x8a4 powder.o
                0x80009858                set_emap
 .text.drawpixel
                0x8000a0fc       0xa8 powder.o
                0x8000a0fc                drawpixel
 .text.textwidthx
                0x8000a1a4       0x80 powder.o
                0x8000a1a4                textwidthx
 .text.strcaturl
                0x8000a224       0xbc powder.o
                0x8000a224                strcaturl
 .text.update_air
                0x8000a2e0      0xb44 powder.o
                0x8000a2e0                update_air
 .text.rescale_img
                0x8000ae24      0x290 powder.o
                0x8000ae24                rescale_img
 .text.prerender_save
                0x8000b0b4      0x518 powder.o
                0x8000b0b4                prerender_save
 .text.parse_save
                0x8000b5cc      0xb20 powder.o
                0x8000b5cc                parse_save
 .text.render_thumb
                0x8000c0ec      0x314 powder.o
                0x8000c0ec                render_thumb
 .text.build_thumb
                0x8000c400      0x240 powder.o
                0x8000c400                build_thumb
 .text.set_cmode
                0x8000c640      0x158 powder.o
                0x8000c640                set_cmode
 .text.prepare_alpha
                0x8000c798     0x1078 powder.o
                0x8000c798                prepare_alpha
 .text.load_string
                0x8000d810       0xc0 powder.o
                0x8000d810                load_string
 .text.load_presets
                0x8000d8d0      0x200 powder.o
                0x8000d8d0                load_presets
 .text.stamp_update
                0x8000dad0      0x25c powder.o
                0x8000dad0                stamp_update
 .text.build_save
                0x8000dd2c      0xc30 powder.o
                0x8000dd2c                build_save
 .text.ui_edit_process
                0x8000e95c      0x3f4 powder.o
                0x8000e95c                ui_edit_process
 .text.file_load
                0x8000ed50       0xa4 powder.o
                0x8000ed50                file_load
 .text.stamp_load
                0x8000edf4      0x13c powder.o
                0x8000edf4                stamp_load
 .text.stamp_gen_thumb
                0x8000ef30      0x178 powder.o
                0x8000ef30                stamp_gen_thumb
 .text.stamp_init
                0x8000f0a8      0x2f4 powder.o
                0x8000f0a8                stamp_init
 .text.sdl_poll
                0x8000f39c      0x19c powder.o
                0x8000f39c                sdl_poll
 .text.create_part
                0x8000f538      0x3bc powder.o
                0x8000f538                create_part
 .text.T.504    0x8000f8f4      0x100 powder.o
 .text.T.506    0x8000f9f4      0x124 powder.o
 .text.draw_air
                0x8000fb18      0x354 powder.o
                0x8000fb18                draw_air
 .text.create_parts
                0x8000fe6c      0xa20 powder.o
                0x8000fe6c                create_parts
 .text.flood_parts
                0x8001088c      0x418 powder.o
                0x8001088c                flood_parts
 .text.create_box
                0x80010ca4       0xcc powder.o
                0x80010ca4                create_box
 .text.create_line
                0x80010d70      0x33c powder.o
                0x80010d70                create_line
 .text.render_fire
                0x800110ac      0xdd8 powder.o
                0x800110ac                render_fire
 .text.sdl_open
                0x80011e84      0x124 powder.o
                0x80011e84                sdl_open
 .text.stamp_save
                0x80011fa8      0x3a8 powder.o
                0x80011fa8                stamp_save
 .text.save_presets
                0x80012350      0x27c powder.o
                0x80012350                save_presets
 .text.xor_line
                0x800125cc      0x224 powder.o
                0x800125cc                xor_line
 .text.render_cursor
                0x800127f0      0xb00 powder.o
                0x800127f0                render_cursor
 .text.T.497    0x800132f0      0x348 powder.o
 .text.render_zoom
                0x80013638      0xa88 powder.o
                0x80013638                render_zoom
 .text.search_results
                0x800140c0      0x4c8 powder.o
                0x800140c0                search_results
 .text.thumb_cache_add
                0x80014588      0x29c powder.o
                0x80014588                thumb_cache_add
 .text.drawtext
                0x80014824      0x318 powder.o
                0x80014824                drawtext
 .text.ui_edit_draw
                0x80014b3c      0x524 powder.o
                0x80014b3c                ui_edit_draw
 .text.render_signs
                0x80015060      0x448 powder.o
                0x80015060                render_signs
 .text.draw_tool
                0x800154a8      0xdac powder.o
                0x800154a8                draw_tool
 .text.info_box
                0x80016254      0x1a0 powder.o
                0x80016254                info_box
 .text.update_particles
                0x800163f4     0x4574 powder.o
                0x800163f4                update_particles
 .text.draw_svf_ui
                0x8001a968      0x9a0 powder.o
                0x8001a968                draw_svf_ui
 .text.T.500    0x8001b308      0x5ec powder.o
 .text.add_sign_ui
                0x8001b8f4      0xb98 powder.o
                0x8001b8f4                add_sign_ui
 .text.stamp_ui
                0x8001c48c      0xa1c powder.o
                0x8001c48c                stamp_ui
 .text.save_name_ui
                0x8001cea8      0x738 powder.o
                0x8001cea8                save_name_ui
 .text.confirm_ui
                0x8001d5e0      0x6a8 powder.o
                0x8001d5e0                confirm_ui
 .text.error_ui
                0x8001dc88      0x6a0 powder.o
                0x8001dc88                error_ui
 .text.execute_delete
                0x8001e328       0xf4 powder.o
                0x8001e328                execute_delete
 .text.execute_save
                0x8001e41c      0x318 powder.o
                0x8001e41c                execute_save
 .text.execute_tagop
                0x8001e734      0x1c0 powder.o
                0x8001e734                execute_tagop
 .text.download_ui
                0x8001e8f4      0x678 powder.o
                0x8001e8f4                download_ui
 .text.search_ui
                0x8001ef6c     0x2930 powder.o
                0x8001ef6c                search_ui
 .text.login_ui
                0x8002189c      0x8cc powder.o
                0x8002189c                login_ui
 .text.tag_list_ui
                0x80022168      0xddc powder.o
                0x80022168                tag_list_ui
 .text.SDL_main
                0x80022f44     0x3818 powder.o
                0x80022f44                SDL_main
 .text.update_start
                0x8002675c        0x8 update.o
                0x8002675c                update_start
 .text.update_finish
                0x80026764        0x8 update.o
                0x80026764                update_finish
 .text.update_cleanup
                0x8002676c        0x4 update.o
                0x8002676c                update_cleanup
 .text.SDL_InitSubSystem
                0x80026770      0x180 c:/devkitPro/libogc/lib/wii\libSDL.a(SDL.o)
                0x80026770                SDL_InitSubSystem
 .text.SDL_Init
                0x800268f0       0x68 c:/devkitPro/libogc/lib/wii\libSDL.a(SDL.o)
                0x800268f0                SDL_Init
 .text.SDL_Quit
                0x80026958       0xb8 c:/devkitPro/libogc/lib/wii\libSDL.a(SDL.o)
                0x80026958                SDL_Quit
 .text.SDL_ClearError
                0x80026a10       0x28 c:/devkitPro/libogc/lib/wii\libSDL.a(SDL_error.o)
                0x80026a10                SDL_ClearError
 .text.SDL_SetError
                0x80026a38      0x2dc c:/devkitPro/libogc/lib/wii\libSDL.a(SDL_error.o)
                0x80026a38                SDL_SetError
 .text.SDL_Error
                0x80026d14       0x70 c:/devkitPro/libogc/lib/wii\libSDL.a(SDL_error.o)
                0x80026d14                SDL_Error
 .text.SDL_GetError
                0x80026d84      0x20c c:/devkitPro/libogc/lib/wii\libSDL.a(SDL_error.o)
                0x80026d84                SDL_GetError
 .text.SDL_UninstallParachute
                0x80026f90       0x7c c:/devkitPro/libogc/lib/wii\libSDL.a(SDL_fatal.o)
                0x80026f90                SDL_UninstallParachute
 .text.SDL_InstallParachute
                0x8002700c       0x78 c:/devkitPro/libogc/lib/wii\libSDL.a(SDL_fatal.o)
                0x8002700c                SDL_InstallParachute
 .text.SDL_Parachute
                0x80027084       0x3c c:/devkitPro/libogc/lib/wii\libSDL.a(SDL_fatal.o)
 .text.SDL_CalculateAudioSpec
                0x800270c0       0x54 c:/devkitPro/libogc/lib/wii\libSDL.a(SDL_audio.o)
                0x800270c0                SDL_CalculateAudioSpec
 .text.SDL_AudioQuit
                0x80027114       0xd8 c:/devkitPro/libogc/lib/wii\libSDL.a(SDL_audio.o)
                0x80027114                SDL_AudioQuit
 .text.SDL_AudioInit
                0x800271ec      0x1ac c:/devkitPro/libogc/lib/wii\libSDL.a(SDL_audio.o)
                0x800271ec                SDL_AudioInit
 .text.SDL_UnlockAudio_Default
                0x80027398       0x4c c:/devkitPro/libogc/lib/wii\libSDL.a(SDL_audio.o)
 .text.SDL_LockAudio_Default
                0x800273e4       0x4c c:/devkitPro/libogc/lib/wii\libSDL.a(SDL_audio.o)
 .text.SDL_ConvertAudio
                0x80027430       0x70 c:/devkitPro/libogc/lib/wii\libSDL.a(SDL_audiocvt.o)
                0x80027430                SDL_ConvertAudio
 .text.WIIAUD_WaitAudio
                0x800274a0        0x4 c:/devkitPro/libogc/lib/wii\libSDL.a(SDL_wiiaudio.o)
 .text.WIIAUD_PlayAudio
                0x800274a4        0x4 c:/devkitPro/libogc/lib/wii\libSDL.a(SDL_wiiaudio.o)
 .text.WIIAUD_GetAudioBuf
                0x800274a8        0x8 c:/devkitPro/libogc/lib/wii\libSDL.a(SDL_wiiaudio.o)
 .text.WIIAUD_Available
                0x800274b0        0x8 c:/devkitPro/libogc/lib/wii\libSDL.a(SDL_wiiaudio.o)
 .text.WIIAUD_CreateDevice
                0x800274b8       0xf0 c:/devkitPro/libogc/lib/wii\libSDL.a(SDL_wiiaudio.o)
 .text.WIIAUD_DeleteDevice
                0x800275a8       0x50 c:/devkitPro/libogc/lib/wii\libSDL.a(SDL_wiiaudio.o)
 .text.WIIAUD_CloseAudio
                0x800275f8       0x2c c:/devkitPro/libogc/lib/wii\libSDL.a(SDL_wiiaudio.o)
 .text.DMACallback
                0x80027624       0x5c c:/devkitPro/libogc/lib/wii\libSDL.a(SDL_wiiaudio.o)
 .text.AudioThread
                0x80027680      0x1c8 c:/devkitPro/libogc/lib/wii\libSDL.a(SDL_wiiaudio.o)
 .text.WII_AudioStart
                0x80027848       0xd8 c:/devkitPro/libogc/lib/wii\libSDL.a(SDL_wiiaudio.o)
                0x80027848                WII_AudioStart
 .text.WIIAUD_OpenAudio
                0x80027920       0xb4 c:/devkitPro/libogc/lib/wii\libSDL.a(SDL_wiiaudio.o)
 .text.SDL_CDROMQuit
                0x800279d4       0x2c c:/devkitPro/libogc/lib/wii\libSDL.a(SDL_cdrom.o)
                0x800279d4                SDL_CDROMQuit
 .text.SDL_CDROMInit
                0x80027a00       0x4c c:/devkitPro/libogc/lib/wii\libSDL.a(SDL_cdrom.o)
                0x80027a00                SDL_CDROMInit
 .text.SDL_SYS_CDInit
                0x80027a4c        0x8 c:/devkitPro/libogc/lib/wii\libSDL.a(SDL_syscdrom.o)
                0x80027a4c                SDL_SYS_CDInit
 .text.SDL_SYS_CDQuit
                0x80027a54        0x4 c:/devkitPro/libogc/lib/wii\libSDL.a(SDL_syscdrom.o)
                0x80027a54                SDL_SYS_CDQuit
 .text.SDL_PeepEvents
                0x80027a58      0x410 c:/devkitPro/libogc/lib/wii\libSDL.a(SDL_events.o)
                0x80027a58                SDL_PeepEvents
 .text.SDL_Unlock_EventThread
                0x80027e68       0x4c c:/devkitPro/libogc/lib/wii\libSDL.a(SDL_events.o)
                0x80027e68                SDL_Unlock_EventThread
 .text.SDL_Lock_EventThread
                0x80027eb4       0x78 c:/devkitPro/libogc/lib/wii\libSDL.a(SDL_events.o)
                0x80027eb4                SDL_Lock_EventThread
 .text.SDL_GobbleEvents
                0x80027f2c      0x170 c:/devkitPro/libogc/lib/wii\libSDL.a(SDL_events.o)
 .text.SDL_StopEventLoop
                0x8002809c       0xac c:/devkitPro/libogc/lib/wii\libSDL.a(SDL_events.o)
                0x8002809c                SDL_StopEventLoop
 .text.SDL_StartEventLoop
                0x80028148      0x154 c:/devkitPro/libogc/lib/wii\libSDL.a(SDL_events.o)
                0x80028148                SDL_StartEventLoop
 .text.T.28     0x8002829c      0x334 c:/devkitPro/libogc/lib/wii\libSDL.a(SDL_events.o)
 .text.SDL_PushEvent
                0x800285d0       0x34 c:/devkitPro/libogc/lib/wii\libSDL.a(SDL_events.o)
                0x800285d0                SDL_PushEvent
 .text.SDL_PollEvent
                0x80028604       0xa0 c:/devkitPro/libogc/lib/wii\libSDL.a(SDL_events.o)
                0x80028604                SDL_PollEvent
 .text.SDL_KeyboardQuit
                0x800286a4        0x4 c:/devkitPro/libogc/lib/wii\libSDL.a(SDL_keyboard.o)
                0x800286a4                SDL_KeyboardQuit
 .text.SDL_EnableUNICODE
                0x800286a8       0x18 c:/devkitPro/libogc/lib/wii\libSDL.a(SDL_keyboard.o)
                0x800286a8                SDL_EnableUNICODE
 .text.SDL_GetModState
                0x800286c0        0xc c:/devkitPro/libogc/lib/wii\libSDL.a(SDL_keyboard.o)
                0x800286c0                SDL_GetModState
 .text.SDL_CheckKeyRepeat
                0x800286cc       0xb8 c:/devkitPro/libogc/lib/wii\libSDL.a(SDL_keyboard.o)
                0x800286cc                SDL_CheckKeyRepeat
 .text.SDL_PrivateKeyboard
                0x80028784      0x354 c:/devkitPro/libogc/lib/wii\libSDL.a(SDL_keyboard.o)
                0x80028784                SDL_PrivateKeyboard
 .text.SDL_ResetKeyboard
                0x80028ad8      0x27c c:/devkitPro/libogc/lib/wii\libSDL.a(SDL_keyboard.o)
                0x80028ad8                SDL_ResetKeyboard
 .text.SDL_KeyboardInit
                0x80028d54      0xbe4 c:/devkitPro/libogc/lib/wii\libSDL.a(SDL_keyboard.o)
                0x80028d54                SDL_KeyboardInit
 .text.SDL_MouseInit
                0x80029938       0x34 c:/devkitPro/libogc/lib/wii\libSDL.a(SDL_mouse.o)
                0x80029938                SDL_MouseInit
 .text.SDL_MouseQuit
                0x8002996c        0x4 c:/devkitPro/libogc/lib/wii\libSDL.a(SDL_mouse.o)
                0x8002996c                SDL_MouseQuit
 .text.SDL_GetMouseState
                0x80029970       0x34 c:/devkitPro/libogc/lib/wii\libSDL.a(SDL_mouse.o)
                0x80029970                SDL_GetMouseState
 .text.SDL_GetRelativeMouseState
                0x800299a4       0x40 c:/devkitPro/libogc/lib/wii\libSDL.a(SDL_mouse.o)
                0x800299a4                SDL_GetRelativeMouseState
 .text.SDL_ResetMouse
                0x800299e4      0x498 c:/devkitPro/libogc/lib/wii\libSDL.a(SDL_mouse.o)
                0x800299e4                SDL_ResetMouse
 .text.SDL_PrivateMouseButton
                0x80029e7c      0x248 c:/devkitPro/libogc/lib/wii\libSDL.a(SDL_mouse.o)
                0x80029e7c                SDL_PrivateMouseButton
 .text.SDL_PrivateMouseMotion
                0x8002a0c4      0x238 c:/devkitPro/libogc/lib/wii\libSDL.a(SDL_mouse.o)
                0x8002a0c4                SDL_PrivateMouseMotion
 .text.SDL_QuitQuit
                0x8002a2fc       0x6c c:/devkitPro/libogc/lib/wii\libSDL.a(SDL_quit.o)
                0x8002a2fc                SDL_QuitQuit
 .text.SDL_QuitInit
                0x8002a368       0x68 c:/devkitPro/libogc/lib/wii\libSDL.a(SDL_quit.o)
                0x8002a368                SDL_QuitInit
 .text.SDL_HandleSIG
                0x8002a3d0       0x8c c:/devkitPro/libogc/lib/wii\libSDL.a(SDL_quit.o)
 .text.SDL_JoystickUpdate
                0x8002a45c       0x60 c:/devkitPro/libogc/lib/wii\libSDL.a(SDL_joystick.o)
                0x8002a45c                SDL_JoystickUpdate
 .text.SDL_PrivateJoystickButton
                0x8002a4bc       0xe0 c:/devkitPro/libogc/lib/wii\libSDL.a(SDL_joystick.o)
                0x8002a4bc                SDL_PrivateJoystickButton
 .text.SDL_PrivateJoystickHat
                0x8002a59c       0xa0 c:/devkitPro/libogc/lib/wii\libSDL.a(SDL_joystick.o)
                0x8002a59c                SDL_PrivateJoystickHat
 .text.SDL_PrivateJoystickAxis
                0x8002a63c       0xa4 c:/devkitPro/libogc/lib/wii\libSDL.a(SDL_joystick.o)
                0x8002a63c                SDL_PrivateJoystickAxis
 .text.SDL_JoystickQuit
                0x8002a6e0       0x58 c:/devkitPro/libogc/lib/wii\libSDL.a(SDL_joystick.o)
                0x8002a6e0                SDL_JoystickQuit
 .text.SDL_JoystickInit
                0x8002a738       0xc4 c:/devkitPro/libogc/lib/wii\libSDL.a(SDL_joystick.o)
                0x8002a738                SDL_JoystickInit
 .text.SDL_SYS_JoystickInit
                0x8002a7fc        0x8 c:/devkitPro/libogc/lib/wii\libSDL.a(SDL_sysjoystick.o)
                0x8002a7fc                SDL_SYS_JoystickInit
 .text.SDL_SYS_JoystickQuit
                0x8002a804        0x4 c:/devkitPro/libogc/lib/wii\libSDL.a(SDL_sysjoystick.o)
                0x8002a804                SDL_SYS_JoystickQuit
 .text.SDL_SYS_JoystickUpdate
                0x8002a808      0xd20 c:/devkitPro/libogc/lib/wii\libSDL.a(SDL_sysjoystick.o)
                0x8002a808                SDL_SYS_JoystickUpdate
 .text.ShutdownCB
                0x8002b528       0x18 c:/devkitPro/libogc/lib/wii\libSDL.a(SDL_wii_main.o)
 .text.ResetCB  0x8002b540       0x18 c:/devkitPro/libogc/lib/wii\libSDL.a(SDL_wii_main.o)
 .text.main     0x8002b558       0xa4 c:/devkitPro/libogc/lib/wii\libSDL.a(SDL_wii_main.o)
                0x8002b558                main
 .text.Terminate
                0x8002b5fc       0x80 c:/devkitPro/libogc/lib/wii\libSDL.a(SDL_wii_main.o)
                0x8002b5fc                Terminate
 .text.SDL_getenv
                0x8002b67c       0xdc c:/devkitPro/libogc/lib/wii\libSDL.a(SDL_getenv.o)
                0x8002b67c                SDL_getenv
 .text.SDL_revcpy
                0x8002b758       0x30 c:/devkitPro/libogc/lib/wii\libSDL.a(SDL_string.o)
                0x8002b758                SDL_revcpy
 .text.SDL_strrev
                0x8002b788       0x68 c:/devkitPro/libogc/lib/wii\libSDL.a(SDL_string.o)
                0x8002b788                SDL_strrev
 .text.SDL_PrintLong
                0x8002b7f0      0x190 c:/devkitPro/libogc/lib/wii\libSDL.a(SDL_string.o)
 .text.SDL_vsnprintf
                0x8002b980      0xbb4 c:/devkitPro/libogc/lib/wii\libSDL.a(SDL_string.o)
                0x8002b980                SDL_vsnprintf
 .text.SDL_snprintf
                0x8002c534       0x7c c:/devkitPro/libogc/lib/wii\libSDL.a(SDL_string.o)
                0x8002c534                SDL_snprintf
 .text.SDL_GetErrBuf
                0x8002c5b0       0xe8 c:/devkitPro/libogc/lib/wii\libSDL.a(SDL_thread.o)
                0x8002c5b0                SDL_GetErrBuf
 .text.SDL_RunThread
                0x8002c698       0x6c c:/devkitPro/libogc/lib/wii\libSDL.a(SDL_thread.o)
                0x8002c698                SDL_RunThread
 .text.SDL_ThreadsQuit
                0x8002c704       0x38 c:/devkitPro/libogc/lib/wii\libSDL.a(SDL_thread.o)
                0x8002c704                SDL_ThreadsQuit
 .text.SDL_DelThread
                0x8002c73c      0x130 c:/devkitPro/libogc/lib/wii\libSDL.a(SDL_thread.o)
 .text.SDL_WaitThread
                0x8002c86c       0x5c c:/devkitPro/libogc/lib/wii\libSDL.a(SDL_thread.o)
                0x8002c86c                SDL_WaitThread
 .text.SDL_CreateThread
                0x8002c8c8      0x1e8 c:/devkitPro/libogc/lib/wii\libSDL.a(SDL_thread.o)
                0x8002c8c8                SDL_CreateThread
 .text.SDL_mutexV
                0x8002cab0       0x44 c:/devkitPro/libogc/lib/wii\libSDL.a(SDL_sysmutex.o)
                0x8002cab0                SDL_mutexV
 .text.SDL_mutexP
                0x8002caf4       0x44 c:/devkitPro/libogc/lib/wii\libSDL.a(SDL_sysmutex.o)
                0x8002caf4                SDL_mutexP
 .text.SDL_DestroyMutex
                0x8002cb38       0x3c c:/devkitPro/libogc/lib/wii\libSDL.a(SDL_sysmutex.o)
                0x8002cb38                SDL_DestroyMutex
 .text.SDL_CreateMutex
                0x8002cb74       0x5c c:/devkitPro/libogc/lib/wii\libSDL.a(SDL_sysmutex.o)
                0x8002cb74                SDL_CreateMutex
 .text.SDL_SemPost
                0x8002cbd0       0x7c c:/devkitPro/libogc/lib/wii\libSDL.a(SDL_syssem.o)
                0x8002cbd0                SDL_SemPost
 .text.SDL_DestroySemaphore
                0x8002cc4c       0x8c c:/devkitPro/libogc/lib/wii\libSDL.a(SDL_syssem.o)
                0x8002cc4c                SDL_DestroySemaphore
 .text.SDL_CreateSemaphore
                0x8002ccd8       0x9c c:/devkitPro/libogc/lib/wii\libSDL.a(SDL_syssem.o)
                0x8002ccd8                SDL_CreateSemaphore
 .text.SDL_SemWait
                0x8002cd74       0xbc c:/devkitPro/libogc/lib/wii\libSDL.a(SDL_syssem.o)
                0x8002cd74                SDL_SemWait
 .text.SDL_SYS_SetupThread
                0x8002ce30        0x4 c:/devkitPro/libogc/lib/wii\libSDL.a(SDL_systhread.o)
                0x8002ce30                SDL_SYS_SetupThread
 .text.SDL_SYS_WaitThread
                0x8002ce34       0x28 c:/devkitPro/libogc/lib/wii\libSDL.a(SDL_systhread.o)
                0x8002ce34                SDL_SYS_WaitThread
 .text.SDL_ThreadID
                0x8002ce5c       0x20 c:/devkitPro/libogc/lib/wii\libSDL.a(SDL_systhread.o)
                0x8002ce5c                SDL_ThreadID
 .text.SDL_SYS_CreateThread
                0x8002ce7c       0x40 c:/devkitPro/libogc/lib/wii\libSDL.a(SDL_systhread.o)
                0x8002ce7c                SDL_SYS_CreateThread
 .text.run_thread
                0x8002cebc       0x24 c:/devkitPro/libogc/lib/wii\libSDL.a(SDL_systhread.o)
                0x8002cebc                run_thread
 .text.SDL_ThreadedTimerCheck
                0x8002cee0      0x1cc c:/devkitPro/libogc/lib/wii\libSDL.a(SDL_timer.o)
                0x8002cee0                SDL_ThreadedTimerCheck
 .text.SDL_SetTimerThreaded
                0x8002d0ac       0x50 c:/devkitPro/libogc/lib/wii\libSDL.a(SDL_timer.o)
                0x8002d0ac                SDL_SetTimerThreaded
 .text.T.34     0x8002d0fc       0xe0 c:/devkitPro/libogc/lib/wii\libSDL.a(SDL_timer.o)
 .text.SDL_TimerQuit
                0x8002d1dc       0x9c c:/devkitPro/libogc/lib/wii\libSDL.a(SDL_timer.o)
                0x8002d1dc                SDL_TimerQuit
 .text.SDL_TimerInit
                0x8002d278       0xd8 c:/devkitPro/libogc/lib/wii\libSDL.a(SDL_timer.o)
                0x8002d278                SDL_TimerInit
 .text.SDL_StartTicks
                0x8002d350        0x4 c:/devkitPro/libogc/lib/wii\libSDL.a(SDL_systimer.o)
                0x8002d350                SDL_StartTicks
 .text.SDL_SYS_StopTimer
                0x8002d354        0x4 c:/devkitPro/libogc/lib/wii\libSDL.a(SDL_systimer.o)
                0x8002d354                SDL_SYS_StopTimer
 .text.SDL_SYS_TimerQuit
                0x8002d358       0x54 c:/devkitPro/libogc/lib/wii\libSDL.a(SDL_systimer.o)
                0x8002d358                SDL_SYS_TimerQuit
 .text.SDL_SYS_TimerInit
                0x8002d3ac       0x54 c:/devkitPro/libogc/lib/wii\libSDL.a(SDL_systimer.o)
                0x8002d3ac                SDL_SYS_TimerInit
 .text.SDL_Delay
                0x8002d400       0x4c c:/devkitPro/libogc/lib/wii\libSDL.a(SDL_systimer.o)
                0x8002d400                SDL_Delay
 .text.SDL_GetTicks
                0x8002d44c       0x34 c:/devkitPro/libogc/lib/wii\libSDL.a(SDL_systimer.o)
                0x8002d44c                SDL_GetTicks
 .text.RunTimer
                0x8002d480       0xc0 c:/devkitPro/libogc/lib/wii\libSDL.a(SDL_systimer.o)
 .text.SDL_MouseRect
                0x8002d540       0xf8 c:/devkitPro/libogc/lib/wii\libSDL.a(SDL_cursor.o)
                0x8002d540                SDL_MouseRect
 .text.SDL_ResetCursor
                0x8002d638       0x54 c:/devkitPro/libogc/lib/wii\libSDL.a(SDL_cursor.o)
                0x8002d638                SDL_ResetCursor
 .text.SDL_DrawCursorNoLock
                0x8002d68c      0xba4 c:/devkitPro/libogc/lib/wii\libSDL.a(SDL_cursor.o)
                0x8002d68c                SDL_DrawCursorNoLock
 .text.SDL_DrawCursor
                0x8002e230       0xfc c:/devkitPro/libogc/lib/wii\libSDL.a(SDL_cursor.o)
                0x8002e230                SDL_DrawCursor
 .text.SDL_EraseCursorNoLock
                0x8002e32c      0x258 c:/devkitPro/libogc/lib/wii\libSDL.a(SDL_cursor.o)
                0x8002e32c                SDL_EraseCursorNoLock
 .text.SDL_EraseCursor
                0x8002e584       0xfc c:/devkitPro/libogc/lib/wii\libSDL.a(SDL_cursor.o)
                0x8002e584                SDL_EraseCursor
 .text.SDL_MoveCursor
                0x8002e680       0xfc c:/devkitPro/libogc/lib/wii\libSDL.a(SDL_cursor.o)
                0x8002e680                SDL_MoveCursor
 .text.SDL_SetCursor
                0x8002e77c      0x210 c:/devkitPro/libogc/lib/wii\libSDL.a(SDL_cursor.o)
                0x8002e77c                SDL_SetCursor
 .text.SDL_FreeCursor
                0x8002e98c       0xbc c:/devkitPro/libogc/lib/wii\libSDL.a(SDL_cursor.o)
                0x8002e98c                SDL_FreeCursor
 .text.SDL_CreateCursor
                0x8002ea48      0x218 c:/devkitPro/libogc/lib/wii\libSDL.a(SDL_cursor.o)
                0x8002ea48                SDL_CreateCursor
 .text.SDL_CursorQuit
                0x8002ec60       0x9c c:/devkitPro/libogc/lib/wii\libSDL.a(SDL_cursor.o)
                0x8002ec60                SDL_CursorQuit
 .text.SDL_CursorInit
                0x8002ecfc       0x94 c:/devkitPro/libogc/lib/wii\libSDL.a(SDL_cursor.o)
                0x8002ecfc                SDL_CursorInit
 .text.SDL_DitherColors
                0x8002ed90       0x6c c:/devkitPro/libogc/lib/wii\libSDL.a(SDL_pixels.o)
                0x8002ed90                SDL_DitherColors
 .text.SDL_CalculatePitch
                0x8002edfc       0x50 c:/devkitPro/libogc/lib/wii\libSDL.a(SDL_pixels.o)
                0x8002edfc                SDL_CalculatePitch
 .text.SDL_InvalidateMap
                0x8002ee4c       0x58 c:/devkitPro/libogc/lib/wii\libSDL.a(SDL_pixels.o)
                0x8002ee4c                SDL_InvalidateMap
 .text.SDL_FreeFormat
                0x8002eea4       0x5c c:/devkitPro/libogc/lib/wii\libSDL.a(SDL_pixels.o)
                0x8002eea4                SDL_FreeFormat
 .text.SDL_AllocFormat
                0x8002ef00      0x6a4 c:/devkitPro/libogc/lib/wii\libSDL.a(SDL_pixels.o)
                0x8002ef00                SDL_AllocFormat
 .text.Map1to1  0x8002f5a4      0x190 c:/devkitPro/libogc/lib/wii\libSDL.a(SDL_pixels.o)
 .text.MapNto1  0x8002f734       0xcc c:/devkitPro/libogc/lib/wii\libSDL.a(SDL_pixels.o)
 .text.SDL_MapRGB
                0x8002f800       0xdc c:/devkitPro/libogc/lib/wii\libSDL.a(SDL_pixels.o)
                0x8002f800                SDL_MapRGB
 .text.SDL_FormatChanged
                0x8002f8dc       0x84 c:/devkitPro/libogc/lib/wii\libSDL.a(SDL_pixels.o)
                0x8002f8dc                SDL_FormatChanged
 .text.SDL_MapSurface
                0x8002f960      0x3a8 c:/devkitPro/libogc/lib/wii\libSDL.a(SDL_pixels.o)
                0x8002f960                SDL_MapSurface
 .text.SDL_FreeBlitMap
                0x8002fd08       0x70 c:/devkitPro/libogc/lib/wii\libSDL.a(SDL_pixels.o)
                0x8002fd08                SDL_FreeBlitMap
 .text.SDL_AllocBlitMap
                0x8002fd78       0xa0 c:/devkitPro/libogc/lib/wii\libSDL.a(SDL_pixels.o)
                0x8002fd78                SDL_AllocBlitMap
 .text.SDL_ReallocFormat
                0x8002fe18      0x128 c:/devkitPro/libogc/lib/wii\libSDL.a(SDL_pixels.o)
                0x8002fe18                SDL_ReallocFormat
 .text.SDL_SetClipRect
                0x8002ff40      0x13c c:/devkitPro/libogc/lib/wii\libSDL.a(SDL_surface.o)
                0x8002ff40                SDL_SetClipRect
 .text.SDL_LockSurface
                0x8003007c       0xb4 c:/devkitPro/libogc/lib/wii\libSDL.a(SDL_surface.o)
                0x8003007c                SDL_LockSurface
 .text.SDL_UnlockSurface
                0x80030130       0x98 c:/devkitPro/libogc/lib/wii\libSDL.a(SDL_surface.o)
                0x80030130                SDL_UnlockSurface
 .text.SDL_FillRect
                0x800301c8      0x5ac c:/devkitPro/libogc/lib/wii\libSDL.a(SDL_surface.o)
                0x800301c8                SDL_FillRect
 .text.SDL_LowerBlit
                0x80030774      0x13c c:/devkitPro/libogc/lib/wii\libSDL.a(SDL_surface.o)
                0x80030774                SDL_LowerBlit
 .text.SDL_FreeSurface
                0x800308b0      0x1ac c:/devkitPro/libogc/lib/wii\libSDL.a(SDL_surface.o)
                0x800308b0                SDL_FreeSurface
 .text.SDL_CreateRGBSurface
                0x80030a5c      0x308 c:/devkitPro/libogc/lib/wii\libSDL.a(SDL_surface.o)
                0x80030a5c                SDL_CreateRGBSurface
 .text.SDL_CreateRGBSurfaceFrom
                0x80030d64       0xa4 c:/devkitPro/libogc/lib/wii\libSDL.a(SDL_surface.o)
                0x80030d64                SDL_CreateRGBSurfaceFrom
 .text.SDL_WM_SetIcon
                0x80030e08      0x568 c:/devkitPro/libogc/lib/wii\libSDL.a(SDL_video.o)
                0x80030e08                SDL_WM_SetIcon
 .text.SDL_WM_SetCaption
                0x80031370       0xd0 c:/devkitPro/libogc/lib/wii\libSDL.a(SDL_video.o)
                0x80031370                SDL_WM_SetCaption
 .text.T.72     0x80031440      0x220 c:/devkitPro/libogc/lib/wii\libSDL.a(SDL_video.o)
 .text.SDL_UpdateRect
                0x80031660       0x80 c:/devkitPro/libogc/lib/wii\libSDL.a(SDL_video.o)
                0x80031660                SDL_UpdateRect
 .text.SDL_VideoModeOK
                0x800316e0      0x1b4 c:/devkitPro/libogc/lib/wii\libSDL.a(SDL_video.o)
                0x800316e0                SDL_VideoModeOK
 .text.SDL_Flip
                0x80031894      0x1cc c:/devkitPro/libogc/lib/wii\libSDL.a(SDL_video.o)
                0x80031894                SDL_Flip
 .text.SDL_SetVideoMode
                0x80031a60      0x9b4 c:/devkitPro/libogc/lib/wii\libSDL.a(SDL_video.o)
                0x80031a60                SDL_SetVideoMode
 .text.SDL_VideoQuit
                0x80032414      0x1a0 c:/devkitPro/libogc/lib/wii\libSDL.a(SDL_video.o)
                0x80032414                SDL_VideoQuit
 .text.SDL_VideoInit
                0x800325b4      0x2c8 c:/devkitPro/libogc/lib/wii\libSDL.a(SDL_video.o)
                0x800325b4                SDL_VideoInit
 .text.WII_VideoInit
                0x8003287c       0x68 c:/devkitPro/libogc/lib/wii\libSDL.a(SDL_wiivideo.o)
 .text.WII_ListModes
                0x800328e4        0xc c:/devkitPro/libogc/lib/wii\libSDL.a(SDL_wiivideo.o)
 .text.WII_AllocHWSurface
                0x800328f0        0x8 c:/devkitPro/libogc/lib/wii\libSDL.a(SDL_wiivideo.o)
 .text.WII_FreeHWSurface
                0x800328f8        0x4 c:/devkitPro/libogc/lib/wii\libSDL.a(SDL_wiivideo.o)
 .text.WII_LockHWSurface
                0x800328fc        0x8 c:/devkitPro/libogc/lib/wii\libSDL.a(SDL_wiivideo.o)
 .text.WII_UnlockHWSurface
                0x80032904        0x4 c:/devkitPro/libogc/lib/wii\libSDL.a(SDL_wiivideo.o)
 .text.WII_SetColors
                0x80032908       0x5c c:/devkitPro/libogc/lib/wii\libSDL.a(SDL_wiivideo.o)
 .text.WII_Available
                0x80032964        0x8 c:/devkitPro/libogc/lib/wii\libSDL.a(SDL_wiivideo.o)
 .text.WII_DeleteDevice
                0x8003296c       0x38 c:/devkitPro/libogc/lib/wii\libSDL.a(SDL_wiivideo.o)
 .text.WII_CreateDevice
                0x800329a4      0x174 c:/devkitPro/libogc/lib/wii\libSDL.a(SDL_wiivideo.o)
 .text.draw_init
                0x80032b18      0x1f0 c:/devkitPro/libogc/lib/wii\libSDL.a(SDL_wiivideo.o)
 .text.WII_SetVideoMode
                0x80032d08      0x2c0 c:/devkitPro/libogc/lib/wii\libSDL.a(SDL_wiivideo.o)
 .text.flip_thread
                0x80032fc8      0x324 c:/devkitPro/libogc/lib/wii\libSDL.a(SDL_wiivideo.o)
 .text.SetupGX  0x800332ec      0x1ec c:/devkitPro/libogc/lib/wii\libSDL.a(SDL_wiivideo.o)
 .text.WII_InitVideoSystem
                0x800334d8      0x184 c:/devkitPro/libogc/lib/wii\libSDL.a(SDL_wiivideo.o)
                0x800334d8                WII_InitVideoSystem
 .text.WII_VideoQuit
                0x8003365c       0x64 c:/devkitPro/libogc/lib/wii\libSDL.a(SDL_wiivideo.o)
 .text.WII_UpdateRect
                0x800336c0      0x53c c:/devkitPro/libogc/lib/wii\libSDL.a(SDL_wiivideo.o)
 .text.WII_FlipHWSurface
                0x80033bfc      0x3bc c:/devkitPro/libogc/lib/wii\libSDL.a(SDL_wiivideo.o)
 .text.WII_UpdateRects
                0x80033fb8       0x6c c:/devkitPro/libogc/lib/wii\libSDL.a(SDL_wiivideo.o)
 .text.SDL_AppActiveInit
                0x80034024       0x14 c:/devkitPro/libogc/lib/wii\libSDL.a(SDL_active.o)
                0x80034024                SDL_AppActiveInit
 .text.SDL_AppActiveQuit
                0x80034038        0x4 c:/devkitPro/libogc/lib/wii\libSDL.a(SDL_active.o)
                0x80034038                SDL_AppActiveQuit
 .text.SDL_PrivateResize
                0x8003403c      0x12c c:/devkitPro/libogc/lib/wii\libSDL.a(SDL_resize.o)
                0x8003403c                SDL_PrivateResize
 .text.SDL_CondWaitTimeout
                0x80034168       0xd4 c:/devkitPro/libogc/lib/wii\libSDL.a(SDL_syscond.o)
                0x80034168                SDL_CondWaitTimeout
 .text.SDL_CondSignal
                0x8003423c       0x50 c:/devkitPro/libogc/lib/wii\libSDL.a(SDL_syscond.o)
                0x8003423c                SDL_CondSignal
 .text.SDL_DestroyCond
                0x8003428c       0x3c c:/devkitPro/libogc/lib/wii\libSDL.a(SDL_syscond.o)
                0x8003428c                SDL_DestroyCond
 .text.SDL_CreateCond
                0x800342c8       0x70 c:/devkitPro/libogc/lib/wii\libSDL.a(SDL_syscond.o)
                0x800342c8                SDL_CreateCond
 .text.copy_opaque_16
                0x80034338      0x120 c:/devkitPro/libogc/lib/wii\libSDL.a(SDL_RLEaccel.o)
 .text.uncopy_opaque_16
                0x80034458      0x114 c:/devkitPro/libogc/lib/wii\libSDL.a(SDL_RLEaccel.o)
 .text.copy_transl_565
                0x8003456c       0xe8 c:/devkitPro/libogc/lib/wii\libSDL.a(SDL_RLEaccel.o)
 .text.copy_transl_555
                0x80034654       0xe8 c:/devkitPro/libogc/lib/wii\libSDL.a(SDL_RLEaccel.o)
 .text.uncopy_transl_16
                0x8003473c      0x104 c:/devkitPro/libogc/lib/wii\libSDL.a(SDL_RLEaccel.o)
 .text.copy_32  0x80034840       0xe0 c:/devkitPro/libogc/lib/wii\libSDL.a(SDL_RLEaccel.o)
 .text.uncopy_32
                0x80034920       0xf8 c:/devkitPro/libogc/lib/wii\libSDL.a(SDL_RLEaccel.o)
 .text.getpix_8
                0x80034a18        0x8 c:/devkitPro/libogc/lib/wii\libSDL.a(SDL_RLEaccel.o)
 .text.getpix_16
                0x80034a20        0x8 c:/devkitPro/libogc/lib/wii\libSDL.a(SDL_RLEaccel.o)
 .text.getpix_24
                0x80034a28       0x20 c:/devkitPro/libogc/lib/wii\libSDL.a(SDL_RLEaccel.o)
 .text.getpix_32
                0x80034a48        0x8 c:/devkitPro/libogc/lib/wii\libSDL.a(SDL_RLEaccel.o)
 .text.UnRLEAlpha
                0x80034a50      0x23c c:/devkitPro/libogc/lib/wii\libSDL.a(SDL_RLEaccel.o)
 .text.SDL_RLEAlphaBlit
                0x80034c8c      0xb04 c:/devkitPro/libogc/lib/wii\libSDL.a(SDL_RLEaccel.o)
                0x80034c8c                SDL_RLEAlphaBlit
 .text.SDL_RLEBlit
                0x80035790     0x23f4 c:/devkitPro/libogc/lib/wii\libSDL.a(SDL_RLEaccel.o)
                0x80035790                SDL_RLEBlit
 .text.SDL_UnRLESurface
                0x80037b84      0x134 c:/devkitPro/libogc/lib/wii\libSDL.a(SDL_RLEaccel.o)
                0x80037b84                SDL_UnRLESurface
 .text.SDL_RLESurface
                0x80037cb8      0xcf0 c:/devkitPro/libogc/lib/wii\libSDL.a(SDL_RLEaccel.o)
                0x80037cb8                SDL_RLESurface
 .text.SDL_CalculateBlit
                0x800389a8      0x410 c:/devkitPro/libogc/lib/wii\libSDL.a(SDL_blit.o)
                0x800389a8                SDL_CalculateBlit
 .text.SDL_SoftBlit
                0x80038db8      0x220 c:/devkitPro/libogc/lib/wii\libSDL.a(SDL_blit.o)
 .text.SDL_BlitCopy
                0x80038fd8       0xa4 c:/devkitPro/libogc/lib/wii\libSDL.a(SDL_blit.o)
 .text.SDL_BlitCopyOverlap
                0x8003907c      0x12c c:/devkitPro/libogc/lib/wii\libSDL.a(SDL_blit.o)
 .text.BlitBto1
                0x800391a8       0xfc c:/devkitPro/libogc/lib/wii\libSDL.a(SDL_blit_0.o)
 .text.BlitBto2
                0x800392a4       0xc8 c:/devkitPro/libogc/lib/wii\libSDL.a(SDL_blit_0.o)
 .text.BlitBto3
                0x8003936c       0xe4 c:/devkitPro/libogc/lib/wii\libSDL.a(SDL_blit_0.o)
 .text.BlitBto4
                0x80039450       0xc8 c:/devkitPro/libogc/lib/wii\libSDL.a(SDL_blit_0.o)
 .text.BlitBto1Key
                0x80039518      0x124 c:/devkitPro/libogc/lib/wii\libSDL.a(SDL_blit_0.o)
 .text.BlitBto2Key
                0x8003963c       0xec c:/devkitPro/libogc/lib/wii\libSDL.a(SDL_blit_0.o)
 .text.BlitBto4Key
                0x80039728       0xec c:/devkitPro/libogc/lib/wii\libSDL.a(SDL_blit_0.o)
 .text.BlitBtoNAlpha
                0x80039814      0x30c c:/devkitPro/libogc/lib/wii\libSDL.a(SDL_blit_0.o)
 .text.BlitBtoNAlphaKey
                0x80039b20      0x324 c:/devkitPro/libogc/lib/wii\libSDL.a(SDL_blit_0.o)
 .text.SDL_CalculateBlit0
                0x80039e44       0xac c:/devkitPro/libogc/lib/wii\libSDL.a(SDL_blit_0.o)
                0x80039e44                SDL_CalculateBlit0
 .text.BlitBto3Key
                0x80039ef0      0x104 c:/devkitPro/libogc/lib/wii\libSDL.a(SDL_blit_0.o)
 .text.Blit1to1
                0x80039ff4      0x19c c:/devkitPro/libogc/lib/wii\libSDL.a(SDL_blit_1.o)
 .text.Blit1to2
                0x8003a190      0x1c4 c:/devkitPro/libogc/lib/wii\libSDL.a(SDL_blit_1.o)
 .text.Blit1to3
                0x8003a354      0x2c4 c:/devkitPro/libogc/lib/wii\libSDL.a(SDL_blit_1.o)
 .text.Blit1to4
                0x8003a618      0x1d0 c:/devkitPro/libogc/lib/wii\libSDL.a(SDL_blit_1.o)
 .text.Blit1to1Key
                0x8003a7e8      0x338 c:/devkitPro/libogc/lib/wii\libSDL.a(SDL_blit_1.o)
 .text.Blit1to2Key
                0x8003ab20      0x200 c:/devkitPro/libogc/lib/wii\libSDL.a(SDL_blit_1.o)
 .text.Blit1to3Key
                0x8003ad20      0x2bc c:/devkitPro/libogc/lib/wii\libSDL.a(SDL_blit_1.o)
 .text.Blit1to4Key
                0x8003afdc      0x200 c:/devkitPro/libogc/lib/wii\libSDL.a(SDL_blit_1.o)
 .text.Blit1toNAlpha
                0x8003b1dc      0xb28 c:/devkitPro/libogc/lib/wii\libSDL.a(SDL_blit_1.o)
 .text.Blit1toNAlphaKey
                0x8003bd04      0xe6c c:/devkitPro/libogc/lib/wii\libSDL.a(SDL_blit_1.o)
 .text.SDL_CalculateBlit1
                0x8003cb70       0x9c c:/devkitPro/libogc/lib/wii\libSDL.a(SDL_blit_1.o)
                0x8003cb70                SDL_CalculateBlit1
 .text.Blit_RGB888_index8
                0x8003cc0c      0x454 c:/devkitPro/libogc/lib/wii\libSDL.a(SDL_blit_N.o)
 .text.Blit_RGB888_RGB555
                0x8003d060      0x250 c:/devkitPro/libogc/lib/wii\libSDL.a(SDL_blit_N.o)
 .text.Blit_RGB888_RGB565
                0x8003d2b0      0x250 c:/devkitPro/libogc/lib/wii\libSDL.a(SDL_blit_N.o)
 .text.Blit_RGB565_32
                0x8003d500      0x294 c:/devkitPro/libogc/lib/wii\libSDL.a(SDL_blit_N.o)
 .text.Blit_RGB565_ARGB8888
                0x8003d794        0xc c:/devkitPro/libogc/lib/wii\libSDL.a(SDL_blit_N.o)
 .text.Blit_RGB565_ABGR8888
                0x8003d7a0        0xc c:/devkitPro/libogc/lib/wii\libSDL.a(SDL_blit_N.o)
 .text.Blit_RGB565_RGBA8888
                0x8003d7ac        0xc c:/devkitPro/libogc/lib/wii\libSDL.a(SDL_blit_N.o)
 .text.Blit_RGB565_BGRA8888
                0x8003d7b8        0xc c:/devkitPro/libogc/lib/wii\libSDL.a(SDL_blit_N.o)
 .text.Blit_RGB888_index8_map
                0x8003d7c4      0x280 c:/devkitPro/libogc/lib/wii\libSDL.a(SDL_blit_N.o)
 .text.BlitNto1
                0x8003da44      0xe30 c:/devkitPro/libogc/lib/wii\libSDL.a(SDL_blit_N.o)
 .text.Blit4to4MaskAlpha